Archive member included to satisfy reference by file (symbol)

/usr/lib/gcc/arm-none-eabi/13.2.1/thumb/v6-m/nofp/libgcc.a(_dvmd_tls.o)
                              CMakeFiles/pico_interface_fmsynth.dir/home/ck84/src/pico/pico-sdk/src/rp2_common/pico_divider/divider_hardware.S.obj (__aeabi_idiv0)
/usr/lib/gcc/arm-none-eabi/13.2.1/../../../arm-none-eabi/lib/thumb/v6-m/nofp/libc.a(libc_a-calloc.o)
                              CMakeFiles/pico_interface_fmsynth.dir/home/ck84/src/pico/pico-sdk/src/rp2_common/pico_malloc/malloc.c.obj (calloc)
/usr/lib/gcc/arm-none-eabi/13.2.1/../../../arm-none-eabi/lib/thumb/v6-m/nofp/libc.a(libc_a-impure.o)
                              /usr/lib/gcc/arm-none-eabi/13.2.1/../../../arm-none-eabi/lib/thumb/v6-m/nofp/libc.a(libc_a-calloc.o) (_impure_ptr)
/usr/lib/gcc/arm-none-eabi/13.2.1/../../../arm-none-eabi/lib/thumb/v6-m/nofp/libc.a(libc_a-callocr.o)
                              /usr/lib/gcc/arm-none-eabi/13.2.1/../../../arm-none-eabi/lib/thumb/v6-m/nofp/libc.a(libc_a-calloc.o) (_calloc_r)
/usr/lib/gcc/arm-none-eabi/13.2.1/../../../arm-none-eabi/lib/thumb/v6-m/nofp/libc.a(libc_a-realloc.o)
                              CMakeFiles/pico_interface_fmsynth.dir/home/ck84/src/pico/pico-sdk/src/rp2_common/pico_malloc/malloc.c.obj (realloc)
/usr/lib/gcc/arm-none-eabi/13.2.1/../../../arm-none-eabi/lib/thumb/v6-m/nofp/libc.a(libc_a-mallocr.o)
                              /usr/lib/gcc/arm-none-eabi/13.2.1/../../../arm-none-eabi/lib/thumb/v6-m/nofp/libc.a(libc_a-callocr.o) (_malloc_r)
/usr/lib/gcc/arm-none-eabi/13.2.1/../../../arm-none-eabi/lib/thumb/v6-m/nofp/libc.a(libc_a-freer.o)
                              /usr/lib/gcc/arm-none-eabi/13.2.1/../../../arm-none-eabi/lib/thumb/v6-m/nofp/libc.a(libc_a-mallocr.o) (_free_r)
/usr/lib/gcc/arm-none-eabi/13.2.1/../../../arm-none-eabi/lib/thumb/v6-m/nofp/libc.a(libc_a-memcmp.o)
                              CMakeFiles/pico_interface_fmsynth.dir/home/ck84/src/pico/pico-sdk/src/rp2_common/pico_atomic/atomic.c.obj (memcmp)
/usr/lib/gcc/arm-none-eabi/13.2.1/../../../arm-none-eabi/lib/thumb/v6-m/nofp/libc.a(libc_a-malloc.o)
                              CMakeFiles/pico_interface_fmsynth.dir/home/ck84/src/pico/pico-sdk/src/rp2_common/pico_malloc/malloc.c.obj (malloc)
/usr/lib/gcc/arm-none-eabi/13.2.1/../../../arm-none-eabi/lib/thumb/v6-m/nofp/libc.a(libc_a-sysconf.o)
                              /usr/lib/gcc/arm-none-eabi/13.2.1/../../../arm-none-eabi/lib/thumb/v6-m/nofp/libc.a(libc_a-mallocr.o) (sysconf)
/usr/lib/gcc/arm-none-eabi/13.2.1/../../../arm-none-eabi/lib/thumb/v6-m/nofp/libc.a(libc_a-init.o)
                              /usr/lib/gcc/arm-none-eabi/13.2.1/../../../arm-none-eabi/lib/thumb/v6-m/nofp/crt0.o (__libc_init_array)
/usr/lib/gcc/arm-none-eabi/13.2.1/../../../arm-none-eabi/lib/thumb/v6-m/nofp/libc.a(libc_a-reallocr.o)
                              /usr/lib/gcc/arm-none-eabi/13.2.1/../../../arm-none-eabi/lib/thumb/v6-m/nofp/libc.a(libc_a-realloc.o) (_realloc_r)
/usr/lib/gcc/arm-none-eabi/13.2.1/../../../arm-none-eabi/lib/thumb/v6-m/nofp/libc.a(libc_a-mktime.o)
                              CMakeFiles/pico_interface_fmsynth.dir/home/ck84/src/pico/pico-sdk/src/common/pico_util/datetime.c.obj (mktime)
/usr/lib/gcc/arm-none-eabi/13.2.1/../../../arm-none-eabi/lib/thumb/v6-m/nofp/libc.a(libc_a-mlock.o)
                              /usr/lib/gcc/arm-none-eabi/13.2.1/../../../arm-none-eabi/lib/thumb/v6-m/nofp/libc.a(libc_a-mallocr.o) (__malloc_lock)
/usr/lib/gcc/arm-none-eabi/13.2.1/../../../arm-none-eabi/lib/thumb/v6-m/nofp/libc.a(libc_a-findfp.o)
                              /usr/lib/gcc/arm-none-eabi/13.2.1/../../../arm-none-eabi/lib/thumb/v6-m/nofp/libc.a(libc_a-impure.o) (__sf)
/usr/lib/gcc/arm-none-eabi/13.2.1/../../../arm-none-eabi/lib/thumb/v6-m/nofp/libc.a(libc_a-tzlock.o)
                              /usr/lib/gcc/arm-none-eabi/13.2.1/../../../arm-none-eabi/lib/thumb/v6-m/nofp/libc.a(libc_a-mktime.o) (__tz_lock)
/usr/lib/gcc/arm-none-eabi/13.2.1/../../../arm-none-eabi/lib/thumb/v6-m/nofp/libc.a(libc_a-atexit.o)
                              /usr/lib/gcc/arm-none-eabi/13.2.1/../../../arm-none-eabi/lib/thumb/v6-m/nofp/crt0.o (atexit)
/usr/lib/gcc/arm-none-eabi/13.2.1/../../../arm-none-eabi/lib/thumb/v6-m/nofp/libc.a(libc_a-lcltime_r.o)
                              CMakeFiles/pico_interface_fmsynth.dir/home/ck84/src/pico/pico-sdk/src/common/pico_util/datetime.c.obj (localtime_r)
/usr/lib/gcc/arm-none-eabi/13.2.1/../../../arm-none-eabi/lib/thumb/v6-m/nofp/libc.a(libc_a-strlen-stub.o)
                              CMakeFiles/pico_interface_fmsynth.dir/home/ck84/src/pico/pico-sdk/src/rp2_common/pico_stdio/stdio.c.obj (strlen)
/usr/lib/gcc/arm-none-eabi/13.2.1/../../../arm-none-eabi/lib/thumb/v6-m/nofp/libc.a(libc_a-sbrkr.o)
                              /usr/lib/gcc/arm-none-eabi/13.2.1/../../../arm-none-eabi/lib/thumb/v6-m/nofp/libc.a(libc_a-mallocr.o) (_sbrk_r)
[...]
Memory Configuration

Name             Origin             Length             Attributes
FLASH            0x10000000         0x00200000         xr
RAM              0x20000000         0x00040000         xrw
SCRATCH_X        0x20040000         0x00001000         xrw
SCRATCH_Y        0x20041000         0x00001000         xrw
*default*        0x00000000         0xffffffff

Linker script and memory map

LOAD /usr/lib/gcc/arm-none-eabi/13.2.1/thumb/v6-m/nofp/crtfastmath.o
LOAD /usr/lib/gcc/arm-none-eabi/13.2.1/thumb/v6-m/nofp/crti.o
LOAD /usr/lib/gcc/arm-none-eabi/13.2.1/thumb/v6-m/nofp/crtbegin.o
LOAD /usr/lib/gcc/arm-none-eabi/13.2.1/../../../arm-none-eabi/lib/thumb/v6-m/nofp/crt0.o

.flash_begin    0x10000000        0x0
                0x10000000                        __flash_binary_start = .

.boot2          0x10000000      0x100
                0x10000000                        __boot2_start__ = .
 *(.boot2)
 .boot2         0x10000000      0x100 /tmp/ccpHDWYN.o
                0x10000100                        __boot2_end__ = .
                0x00000001                        ASSERT (((__boot2_end__ - __boot2_start__) == 0x100), ERROR: Pico second stage bootloader must be 256 bytes in size)

.text           0x10000100     0x71e4
                0x10000100                        __logical_binary_start = .
 *(.vectors)
 .vectors       0x10000100       0xd4 CMakeFiles/pico_interface_fmsynth.dir/home/ck84/src/pico/pico-sdk/src/rp2_common/pico_crt0/crt0.S.obj
                0x10000100                __vectors
                0x10000100                __VECTOR_TABLE
                0x100001c0                isr_invalid
                0x100001c0                __default_isrs_start
                0x100001c2                isr_nmi
                0x100001c4                isr_hardfault
                0x100001c6                isr_svcall
                0x100001c8                isr_pendsv
                0x100001ca                isr_systick
                0x100001cc                isr_irq30
                0x100001cc                __unhandled_user_irq
                0x100001cc                isr_irq13
                0x100001cc                isr_irq27
                0x100001cc                isr_irq31
                0x100001cc                isr_irq5
                0x100001cc                isr_irq11
                0x100001cc                isr_irq23
                0x100001cc                isr_irq18
                0x100001cc                isr_irq28
                0x100001cc                isr_irq19
                0x100001cc                isr_irq0
                0x100001cc                isr_irq6
                0x100001cc                isr_irq22
                0x100001cc                isr_irq17
                0x100001cc                isr_irq14
                0x100001cc                isr_irq2
                0x100001cc                isr_irq10
                0x100001cc                isr_irq8
                0x100001cc                isr_irq24
                0x100001cc                isr_irq1
                0x100001cc                isr_irq7
                0x100001cc                isr_irq21
                0x100001cc                isr_irq20
                0x100001cc                isr_irq15
                0x100001cc                isr_irq25
                0x100001cc                isr_irq4
                0x100001cc                isr_irq16
                0x100001cc                isr_irq29
                0x100001cc                isr_irq26
                0x100001cc                __default_isrs_end
                0x100001cc                isr_irq3
                0x100001cc                isr_irq12
                0x100001cc                isr_irq9
                0x100001d2                unhandled_user_irq_num_in_r0
 *(.binary_info_header)
 .binary_info_header
                0x100001d4       0x14 CMakeFiles/pico_interface_fmsynth.dir/home/ck84/src/pico/pico-sdk/src/rp2_common/pico_crt0/crt0.S.obj
                0x100001e8                        __binary_info_header_end = .
 *(.embedded_block)
                0x100001e8                        __embedded_block_end = .
 *(.reset)
 .reset         0x100001e8       0x9c CMakeFiles/pico_interface_fmsynth.dir/home/ck84/src/pico/pico-sdk/src/rp2_common/pico_crt0/crt0.S.obj
                0x100001e8                _entry_point
 *(.init)
 .init          0x10000284        0x4 /usr/lib/gcc/arm-none-eabi/13.2.1/thumb/v6-m/nofp/crti.o
                0x10000284                _init
 *(EXCLUDE_FILE(*libm.a: *libc.a:*lib_a-mem*.o *libgcc.a:) .text*)
 .text          0x10000288       0x98 /usr/lib/gcc/arm-none-eabi/13.2.1/thumb/v6-m/nofp/crtbegin.o
 .text.startup.main
                0x10000320      0x194 CMakeFiles/pico_interface_fmsynth.dir/fmsynth-interface.cpp.obj
                0x10000320                main
 .text.startup._GLOBAL__sub_I_changeTrigs
                0x100004b4       0x18 CMakeFiles/pico_interface_fmsynth.dir/fmsynth-interface.cpp.obj
 .text.gpio_set_function
                0x100004cc       0x34 CMakeFiles/pico_interface_fmsynth.dir/home/ck84/src/pico/pico-sdk/src/rp2_common/hardware_gpio/gpio.c.obj
                0x100004cc                gpio_set_function
 .text.gpio_set_pulls
                0x10000500       0x28 CMakeFiles/pico_interface_fmsynth.dir/home/ck84/src/pico/pico-sdk/src/rp2_common/hardware_gpio/gpio.c.obj
                0x10000500                gpio_set_pulls
 .text.gpio_set_input_enabled
                0x10000528       0x28 CMakeFiles/pico_interface_fmsynth.dir/home/ck84/src/pico/pico-sdk/src/rp2_common/hardware_gpio/gpio.c.obj
                0x10000528                gpio_set_input_enabled
 .text.panic    0x10000550       0x30 CMakeFiles/pico_interface_fmsynth.dir/home/ck84/src/pico/pico-sdk/src/rp2_common/pico_platform_panic/panic.c.obj
                0x10000550                panic
 .text.hw_claim_or_assert
                0x10000580       0x44 CMakeFiles/pico_interface_fmsynth.dir/home/ck84/src/pico/pico-sdk/src/common/hardware_claim/claim.c.obj
                0x10000580                hw_claim_or_assert
 .text.hw_claim_unused_from_range
                0x100005c4       0x9c CMakeFiles/pico_interface_fmsynth.dir/home/ck84/src/pico/pico-sdk/src/common/hardware_claim/claim.c.obj
                0x100005c4                hw_claim_unused_from_range
 .text.next_striped_spin_lock_num
                0x10000660       0x18 CMakeFiles/pico_interface_fmsynth.dir/home/ck84/src/pico/pico-sdk/src/rp2_common/hardware_sync/sync.c.obj
                0x10000660                next_striped_spin_lock_num
 .text.spin_lock_claim_unused
                0x10000678       0x24 CMakeFiles/pico_interface_fmsynth.dir/home/ck84/src/pico/pico-sdk/src/rp2_common/hardware_sync/sync.c.obj
                0x10000678                spin_lock_claim_unused
 .text.spin_locks_reset
                0x1000069c       0x1c CMakeFiles/pico_interface_fmsynth.dir/home/ck84/src/pico/pico-sdk/src/rp2_common/hardware_sync_spin_lock/sync_spin_lock.c.obj
                0x1000069c                spin_locks_reset
 .text.runtime_init_per_core_irq_priorities
                0x100006b8       0x24 CMakeFiles/pico_interface_fmsynth.dir/home/ck84/src/pico/pico-sdk/src/rp2_common/hardware_irq/irq.c.obj
                0x100006b8                runtime_init_per_core_irq_priorities
 .text.irq_set_enabled
                0x100006dc       0x24 CMakeFiles/pico_interface_fmsynth.dir/home/ck84/src/pico/pico-sdk/src/rp2_common/hardware_irq/irq.c.obj
                0x100006dc                irq_set_enabled
 .text.irq_is_enabled
                0x10000700       0x18 CMakeFiles/pico_interface_fmsynth.dir/home/ck84/src/pico/pico-sdk/src/rp2_common/hardware_irq/irq.c.obj
                0x10000700                irq_is_enabled
 .text.irq_set_pending
                0x10000718       0x10 CMakeFiles/pico_interface_fmsynth.dir/home/ck84/src/pico/pico-sdk/src/rp2_common/hardware_irq/irq.c.obj
                0x10000718                irq_set_pending
 .text.irq_has_shared_handler
                0x10000728       0x2c CMakeFiles/pico_interface_fmsynth.dir/home/ck84/src/pico/pico-sdk/src/rp2_common/hardware_irq/irq.c.obj
                0x10000728                irq_has_shared_handler
 .text.irq_set_exclusive_handler
                0x10000754       0x54 CMakeFiles/pico_interface_fmsynth.dir/home/ck84/src/pico/pico-sdk/src/rp2_common/hardware_irq/irq.c.obj
                0x10000754                irq_set_exclusive_handler
 .text.irq_add_shared_handler
                0x100007a8      0x1f4 CMakeFiles/pico_interface_fmsynth.dir/home/ck84/src/pico/pico-sdk/src/rp2_common/hardware_irq/irq.c.obj
                0x100007a8                irq_add_shared_handler
 .text.irq_add_tail_to_free_list
                0x1000099c       0xb4 CMakeFiles/pico_interface_fmsynth.dir/home/ck84/src/pico/pico-sdk/src/rp2_common/hardware_irq/irq.c.obj
                0x1000099c                irq_add_tail_to_free_list
 .text.user_irq_claim_unused
                0x10000a50       0x2c CMakeFiles/pico_interface_fmsynth.dir/home/ck84/src/pico/pico-sdk/src/rp2_common/hardware_irq/irq.c.obj
                0x10000a50                user_irq_claim_unused
 .text.lock_init
                0x10000a7c       0x10 CMakeFiles/pico_interface_fmsynth.dir/home/ck84/src/pico/pico-sdk/src/common/pico_sync/lock_core.c.obj
                0x10000a7c                lock_init
 .text.runtime_init_mutex
                0x10000a8c       0x50 CMakeFiles/pico_interface_fmsynth.dir/home/ck84/src/pico/pico-sdk/src/common/pico_sync/mutex.c.obj
                0x10000a8c                runtime_init_mutex
 .text.mutex_init
                0x10000adc       0x1c CMakeFiles/pico_interface_fmsynth.dir/home/ck84/src/pico/pico-sdk/src/common/pico_sync/mutex.c.obj
                0x10000adc                mutex_init
 .text.critical_section_init
                0x10000af8       0x1c CMakeFiles/pico_interface_fmsynth.dir/home/ck84/src/pico/pico-sdk/src/common/pico_sync/critical_section.c.obj
                0x10000af8                critical_section_init
 .text.critical_section_init_with_lock_num
                0x10000b14       0x14 CMakeFiles/pico_interface_fmsynth.dir/home/ck84/src/pico/pico-sdk/src/common/pico_sync/critical_section.c.obj
                0x10000b14                critical_section_init_with_lock_num
 .text.sleep_until_callback
                0x10000b28       0x30 CMakeFiles/pico_interface_fmsynth.dir/home/ck84/src/pico/pico-sdk/src/common/pico_time/time.c.obj
 .text.alarm_pool_irq_handler
                0x10000b58      0x2e4 CMakeFiles/pico_interface_fmsynth.dir/home/ck84/src/pico/pico-sdk/src/common/pico_time/time.c.obj
 .text.runtime_init_default_alarm_pool
                0x10000e3c       0xdc CMakeFiles/pico_interface_fmsynth.dir/home/ck84/src/pico/pico-sdk/src/common/pico_time/time.c.obj
                0x10000e3c                runtime_init_default_alarm_pool
 .text.alarm_pool_get_default
                0x10000f18        0x8 CMakeFiles/pico_interface_fmsynth.dir/home/ck84/src/pico/pico-sdk/src/common/pico_time/time.c.obj
                0x10000f18                alarm_pool_get_default
 .text.alarm_pool_add_alarm_at
                0x10000f20       0xd4 CMakeFiles/pico_interface_fmsynth.dir/home/ck84/src/pico/pico-sdk/src/common/pico_time/time.c.obj
                0x10000f20                alarm_pool_add_alarm_at
 .text.alarm_pool_add_alarm_at_force_in_context
                0x10000ff4       0xb0 CMakeFiles/pico_interface_fmsynth.dir/home/ck84/src/pico/pico-sdk/src/common/pico_time/time.c.obj
                0x10000ff4                alarm_pool_add_alarm_at_force_in_context
 .text.alarm_pool_cancel_alarm
                0x100010a4       0x74 CMakeFiles/pico_interface_fmsynth.dir/home/ck84/src/pico/pico-sdk/src/common/pico_time/time.c.obj
                0x100010a4                alarm_pool_cancel_alarm
 .text.alarm_pool_core_num
                0x10001118        0x4 CMakeFiles/pico_interface_fmsynth.dir/home/ck84/src/pico/pico-sdk/src/common/pico_time/time.c.obj
                0x10001118                alarm_pool_core_num
 .text.sleep_until
                0x1000111c       0xd8 CMakeFiles/pico_interface_fmsynth.dir/home/ck84/src/pico/pico-sdk/src/common/pico_time/time.c.obj
                0x1000111c                sleep_until
 .text.sleep_us
                0x100011f4       0x28 CMakeFiles/pico_interface_fmsynth.dir/home/ck84/src/pico/pico-sdk/src/common/pico_time/time.c.obj
                0x100011f4                sleep_us
 .text.sleep_ms
                0x1000121c       0x38 CMakeFiles/pico_interface_fmsynth.dir/home/ck84/src/pico/pico-sdk/src/common/pico_time/time.c.obj
                0x1000121c                sleep_ms
 .text.best_effort_wfe_or_timeout
                0x10001254      0x134 CMakeFiles/pico_interface_fmsynth.dir/home/ck84/src/pico/pico-sdk/src/common/pico_time/time.c.obj
                0x10001254                best_effort_wfe_or_timeout
 .text.timer_hardware_alarm_claim
                0x10001388       0x14 CMakeFiles/pico_interface_fmsynth.dir/home/ck84/src/pico/pico-sdk/src/rp2_common/hardware_timer/timer.c.obj
                0x10001388                timer_hardware_alarm_claim
 .text.timer_time_us_64
                0x1000139c       0x10 CMakeFiles/pico_interface_fmsynth.dir/home/ck84/src/pico/pico-sdk/src/rp2_common/hardware_timer/timer.c.obj
                0x1000139c                timer_time_us_64
 .text.time_us_64
                0x100013ac       0x14 CMakeFiles/pico_interface_fmsynth.dir/home/ck84/src/pico/pico-sdk/src/rp2_common/hardware_timer/timer.c.obj
                0x100013ac                time_us_64
 .text.busy_wait_us
                0x100013c0       0x68 CMakeFiles/pico_interface_fmsynth.dir/home/ck84/src/pico/pico-sdk/src/rp2_common/hardware_timer/timer.c.obj
                0x100013c0                busy_wait_us
 .text.busy_wait_until
                0x10001428       0x20 CMakeFiles/pico_interface_fmsynth.dir/home/ck84/src/pico/pico-sdk/src/rp2_common/hardware_timer/timer.c.obj
                0x10001428                busy_wait_until
 .text.uart_init
                0x10001448      0x120 CMakeFiles/pico_interface_fmsynth.dir/home/ck84/src/pico/pico-sdk/src/rp2_common/hardware_uart/uart.c.obj
                0x10001448                uart_init
 .text.clock_configure_int_divider
                0x10001568       0xf4 CMakeFiles/pico_interface_fmsynth.dir/home/ck84/src/pico/pico-sdk/src/rp2_common/hardware_clocks/clocks.c.obj
                0x10001568                clock_configure_int_divider
 .text.clock_configure_undivided
                0x1000165c       0xe8 CMakeFiles/pico_interface_fmsynth.dir/home/ck84/src/pico/pico-sdk/src/rp2_common/hardware_clocks/clocks.c.obj
                0x1000165c                clock_configure_undivided
 .text.clock_get_hz
                0x10001744        0xc CMakeFiles/pico_interface_fmsynth.dir/home/ck84/src/pico/pico-sdk/src/rp2_common/hardware_clocks/clocks.c.obj
                0x10001744                clock_get_hz
 .text.pll_init
                0x10001750       0xa4 CMakeFiles/pico_interface_fmsynth.dir/home/ck84/src/pico/pico-sdk/src/rp2_common/hardware_pll/pll.c.obj
                0x10001750                pll_init
 .text.watchdog_reboot
                0x100017f4       0x9c CMakeFiles/pico_interface_fmsynth.dir/home/ck84/src/pico/pico-sdk/src/rp2_common/hardware_watchdog/watchdog.c.obj
                0x100017f4                watchdog_reboot
 .text.tick_start
                0x10001890       0x10 CMakeFiles/pico_interface_fmsynth.dir/home/ck84/src/pico/pico-sdk/src/rp2_common/hardware_ticks/ticks.c.obj
                0x10001890                tick_start
 .text.xosc_init
                0x100018a0       0x28 CMakeFiles/pico_interface_fmsynth.dir/home/ck84/src/pico/pico-sdk/src/rp2_common/hardware_xosc/xosc.c.obj
                0x100018a0                xosc_init
 .text.first_per_core_initializer
                0x100018c8        0x4 CMakeFiles/pico_interface_fmsynth.dir/home/ck84/src/pico/pico-sdk/src/rp2_common/pico_runtime/runtime.c.obj
 .text.hard_assertion_failure
                0x100018cc        0xc CMakeFiles/pico_interface_fmsynth.dir/home/ck84/src/pico/pico-sdk/src/rp2_common/pico_runtime/runtime.c.obj
                0x100018cc                hard_assertion_failure
 .text.runtime_run_initializers
                0x100018d8       0x28 CMakeFiles/pico_interface_fmsynth.dir/home/ck84/src/pico/pico-sdk/src/rp2_common/pico_runtime/runtime.c.obj
                0x100018d8                runtime_run_initializers
 .text.runtime_init_early_resets
                0x10001900       0x2c CMakeFiles/pico_interface_fmsynth.dir/home/ck84/src/pico/pico-sdk/src/rp2_common/pico_runtime_init/runtime_init.c.obj
                0x10001900                runtime_init_early_resets
 .text.runtime_init_usb_power_down
                0x1000192c       0x1c CMakeFiles/pico_interface_fmsynth.dir/home/ck84/src/pico/pico-sdk/src/rp2_common/pico_runtime_init/runtime_init.c.obj
                0x1000192c                runtime_init_usb_power_down
 .text.runtime_init_post_clock_resets
                0x10001948       0x20 CMakeFiles/pico_interface_fmsynth.dir/home/ck84/src/pico/pico-sdk/src/rp2_common/pico_runtime_init/runtime_init.c.obj
                0x10001948                runtime_init_post_clock_resets
 .text.runtime_init_rp2040_gpio_ie_disable
                0x10001968       0x14 CMakeFiles/pico_interface_fmsynth.dir/home/ck84/src/pico/pico-sdk/src/rp2_common/pico_runtime_init/runtime_init.c.obj
                0x10001968                runtime_init_rp2040_gpio_ie_disable
 .text.runtime_init_spin_locks_reset
                0x1000197c        0x8 CMakeFiles/pico_interface_fmsynth.dir/home/ck84/src/pico/pico-sdk/src/rp2_common/pico_runtime_init/runtime_init.c.obj
                0x1000197c                runtime_init_spin_locks_reset
 .text.runtime_init_install_ram_vector_table
                0x10001984       0x1c CMakeFiles/pico_interface_fmsynth.dir/home/ck84/src/pico/pico-sdk/src/rp2_common/pico_runtime_init/runtime_init.c.obj
                0x10001984                runtime_init_install_ram_vector_table
 .text.runtime_init_clocks
                0x100019a0       0xd8 CMakeFiles/pico_interface_fmsynth.dir/home/ck84/src/pico/pico-sdk/src/rp2_common/pico_runtime_init/runtime_init_clocks.c.obj
                0x100019a0                runtime_init_clocks
 .text          0x10001a78       0x10 CMakeFiles/pico_interface_fmsynth.dir/home/ck84/src/pico/pico-sdk/src/rp2_common/pico_bit_ops/bit_ops_aeabi.S.obj
 .text.rom_func_lookup
                0x10001a88       0x10 CMakeFiles/pico_interface_fmsynth.dir/home/ck84/src/pico/pico-sdk/src/rp2_common/pico_bootrom/bootrom.c.obj
                0x10001a88                rom_func_lookup
 .text.rom_data_lookup
                0x10001a98       0x10 CMakeFiles/pico_interface_fmsynth.dir/home/ck84/src/pico/pico-sdk/src/rp2_common/pico_bootrom/bootrom.c.obj
                0x10001a98                rom_data_lookup
 .text.rom_funcs_lookup
                0x10001aa8       0x44 CMakeFiles/pico_interface_fmsynth.dir/home/ck84/src/pico/pico-sdk/src/rp2_common/pico_bootrom/bootrom.c.obj
                0x10001aa8                rom_funcs_lookup
 .text.rom_reset_usb_boot
                0x10001aec       0x20 CMakeFiles/pico_interface_fmsynth.dir/home/ck84/src/pico/pico-sdk/src/rp2_common/pico_bootrom/bootrom.c.obj
                0x10001aec                rom_reset_usb_boot
 .text.__wrap___aeabi_idiv
                0x10001b0c       0x50 CMakeFiles/pico_interface_fmsynth.dir/home/ck84/src/pico/pico-sdk/src/rp2_common/pico_divider/divider_hardware.S.obj
                0x10001b0c                __wrap___aeabi_idivmod
                0x10001b0c                divmod_s32s32
                0x10001b0c                div_s32s32
                0x10001b0c                __wrap___aeabi_idiv
                0x10001b14                divmod_s32s32_unsafe
                0x10001b40                divmod_s32s32_savestate
 .text.__wrap___aeabi_uidiv
                0x10001b5c       0x4c CMakeFiles/pico_interface_fmsynth.dir/home/ck84/src/pico/pico-sdk/src/rp2_common/pico_divider/divider_hardware.S.obj
                0x10001b5c                __wrap___aeabi_uidiv
                0x10001b5c                __wrap___aeabi_uidivmod
                0x10001b5c                div_u32u32
                0x10001b5c                divmod_u32u32
                0x10001b64                divmod_u32u32_unsafe
                0x10001b8c                divmod_u32u32_savestate
 .text.__wrap___aeabi_ldiv
                0x10001ba8      0x424 CMakeFiles/pico_interface_fmsynth.dir/home/ck84/src/pico/pico-sdk/src/rp2_common/pico_divider/divider_hardware.S.obj
                0x10001ba8                div_s64s64
                0x10001ba8                divmod_s64s64
                0x10001ba8                __wrap___aeabi_ldivmod
                0x10001bd8                div_u64u64
                0x10001bd8                divmod_u64u64
                0x10001bd8                __wrap___aeabi_uldivmod
                0x10001be8                divmod_u64u64_savestate
                0x10001c08                divmod_s64s64_unsafe
                0x10001c90                divmod_u64u64_unsafe
 .text.__wrap___aeabi_darithmetic
                0x10001fcc       0x80 CMakeFiles/pico_interface_fmsynth.dir/home/ck84/src/pico/pico-sdk/src/rp2_common/pico_double/double_aeabi_rp2040.S.obj
                0x10001fcc                __wrap___aeabi_drsub
                0x10001fd2                __wrap___aeabi_dsub
                0x10001fe4                __wrap___aeabi_dadd
                0x10001ff6                __wrap___aeabi_ddiv
                0x10002032                __wrap___aeabi_dmul
 .text.__wrap___aeabi_cdcmple
                0x1000204c       0x6c CMakeFiles/pico_interface_fmsynth.dir/home/ck84/src/pico/pico-sdk/src/rp2_common/pico_double/double_aeabi_rp2040.S.obj
                0x1000204c                __wrap___aeabi_cdrcmple
                0x1000205c                __wrap___aeabi_cdcmple
                0x1000205c                __wrap___aeabi_cdcmpeq
 .text.__wrap___aeabi_dcmplt
                0x100020b8        0xc CMakeFiles/pico_interface_fmsynth.dir/home/ck84/src/pico/pico-sdk/src/rp2_common/pico_double/double_aeabi_rp2040.S.obj
                0x100020b8                __wrap___aeabi_dcmplt
 .text.__wrap___aeabi_dcmpge
                0x100020c4       0x10 CMakeFiles/pico_interface_fmsynth.dir/home/ck84/src/pico/pico-sdk/src/rp2_common/pico_double/double_aeabi_rp2040.S.obj
                0x100020c4                __wrap___aeabi_dcmpge
 .text.__wrap___aeabi_dcmpgt
                0x100020d4        0xa CMakeFiles/pico_interface_fmsynth.dir/home/ck84/src/pico/pico-sdk/src/rp2_common/pico_double/double_aeabi_rp2040.S.obj
                0x100020d4                __wrap___aeabi_dcmpgt
 .text.__wrap___aeabi_dcmpun
                0x100020de       0x18 CMakeFiles/pico_interface_fmsynth.dir/home/ck84/src/pico/pico-sdk/src/rp2_common/pico_double/double_aeabi_rp2040.S.obj
                0x100020de                __wrap___aeabi_dcmpun
 *fill*         0x100020f6        0x2 
 .text.__wrap___aeabi_i2d
                0x100020f8       0x38 CMakeFiles/pico_interface_fmsynth.dir/home/ck84/src/pico/pico-sdk/src/rp2_common/pico_double/double_aeabi_rp2040.S.obj
                0x100020f8                __wrap___aeabi_ui2d
                0x10002100                __wrap___aeabi_i2d
 .text.__wrap___aeabi_d2iz
                0x10002130       0x48 CMakeFiles/pico_interface_fmsynth.dir/home/ck84/src/pico/pico-sdk/src/rp2_common/pico_double/double_aeabi_rp2040.S.obj
                0x10002130                __wrap___aeabi_d2iz
                0x10002130                double2int_z
 .text.__wrap___aeabi_d2uiz
                0x10002178       0x18 CMakeFiles/pico_interface_fmsynth.dir/home/ck84/src/pico/pico-sdk/src/rp2_common/pico_double/double_aeabi_rp2040.S.obj
                0x10002178                double2uint
                0x10002178                __wrap___aeabi_d2uiz
 .text.__aeabi_double_init
                0x10002190       0xa4 CMakeFiles/pico_interface_fmsynth.dir/home/ck84/src/pico/pico-sdk/src/rp2_common/pico_double/double_init_rom_rp2040.c.obj
                0x10002190                __aeabi_double_init
 .text.double_table_shim_on_use_helper
                0x10002234       0x2c CMakeFiles/pico_interface_fmsynth.dir/home/ck84/src/pico/pico-sdk/src/rp2_common/pico_double/double_v1_rom_shim_rp2040.S.obj
                0x10002234                double_table_shim_on_use_helper
 .text.__wrap___aeabi_dsub
                0x10002260       0x10 CMakeFiles/pico_interface_fmsynth.dir/home/ck84/src/pico/pico-sdk/src/rp2_common/pico_double/double_v1_rom_shim_rp2040.S.obj
                0x10002260                drsub_shim
                0x10002266                dsub_shim
 .text.dadd_shim
                0x10002270      0x15c CMakeFiles/pico_interface_fmsynth.dir/home/ck84/src/pico/pico-sdk/src/rp2_common/pico_double/double_v1_rom_shim_rp2040.S.obj
                0x10002270                dadd_shim
 .text.dmul_shim
                0x100023cc      0x15c CMakeFiles/pico_interface_fmsynth.dir/home/ck84/src/pico/pico-sdk/src/rp2_common/pico_double/double_v1_rom_shim_rp2040.S.obj
                0x100023cc                dmul_shim
 .text.ddiv_shim
                0x10002528      0x1b0 CMakeFiles/pico_interface_fmsynth.dir/home/ck84/src/pico/pico-sdk/src/rp2_common/pico_double/double_v1_rom_shim_rp2040.S.obj
                0x10002528                ddiv_shim
 .text.double2uint_shim
                0x100026d8        0xe CMakeFiles/pico_interface_fmsynth.dir/home/ck84/src/pico/pico-sdk/src/rp2_common/pico_double/double_v1_rom_shim_rp2040.S.obj
                0x100026d8                double2uint_shim
                0x100026da                double2ufix_shim
 *fill*         0x100026e6        0x2 
 .text.double2uint64_shim
                0x100026e8       0x70 CMakeFiles/pico_interface_fmsynth.dir/home/ck84/src/pico/pico-sdk/src/rp2_common/pico_double/double_v1_rom_shim_rp2040.S.obj
                0x100026e8                double2uint64_shim
                0x100026ea                double2ufix64_shim
                0x1000270a                d2fix_a
 .text.dunpacks
                0x10002758       0x3c CMakeFiles/pico_interface_fmsynth.dir/home/ck84/src/pico/pico-sdk/src/rp2_common/pico_double/double_v1_rom_shim_rp2040.S.obj
                0x10002758                dunpacks
 .text.__aeabi_lmul
                0x10002794       0x32 CMakeFiles/pico_interface_fmsynth.dir/home/ck84/src/pico/pico-sdk/src/rp2_common/pico_int64_ops/pico_int64_ops_aeabi.S.obj
                0x10002794                __wrap___aeabi_lmul
 *fill*         0x100027c6        0x2 
 .text.__aeabi_float_init
                0x100027c8       0x64 CMakeFiles/pico_interface_fmsynth.dir/home/ck84/src/pico/pico-sdk/src/rp2_common/pico_float/float_init_rom_rp2040.c.obj
                0x100027c8                __aeabi_float_init
 .text.float_table_shim_on_use_helper
                0x1000282c       0x2c CMakeFiles/pico_interface_fmsynth.dir/home/ck84/src/pico/pico-sdk/src/rp2_common/pico_float/float_v1_rom_shim_rp2040.S.obj
                0x1000282c                float_table_shim_on_use_helper
 .text          0x10002858       0x10 CMakeFiles/pico_interface_fmsynth.dir/home/ck84/src/pico/pico-sdk/src/rp2_common/pico_mem_ops/mem_ops_aeabi.S.obj
                0x10002858                __aeabi_mem_init
 .text.memset   0x10002868        0xc CMakeFiles/pico_interface_fmsynth.dir/home/ck84/src/pico/pico-sdk/src/rp2_common/pico_mem_ops/mem_ops_aeabi.S.obj
                0x10002868                __wrap_memset
 .text.memcpy   0x10002874        0xc CMakeFiles/pico_interface_fmsynth.dir/home/ck84/src/pico/pico-sdk/src/rp2_common/pico_mem_ops/mem_ops_aeabi.S.obj
                0x10002874                __wrap___aeabi_memcpy
                0x10002874                __wrap_memcpy
 .text._out_null
                0x10002880        0x4 CMakeFiles/pico_interface_fmsynth.dir/home/ck84/src/pico/pico-sdk/src/rp2_common/pico_printf/printf.c.obj
 .text._out_rev
                0x10002884       0xac CMakeFiles/pico_interface_fmsynth.dir/home/ck84/src/pico/pico-sdk/src/rp2_common/pico_printf/printf.c.obj
 .text._ntoa_format
                0x10002930      0x250 CMakeFiles/pico_interface_fmsynth.dir/home/ck84/src/pico/pico-sdk/src/rp2_common/pico_printf/printf.c.obj
 .text._out_char
                0x10002b80       0x10 CMakeFiles/pico_interface_fmsynth.dir/home/ck84/src/pico/pico-sdk/src/rp2_common/pico_printf/printf.c.obj
 .text._out_fct
                0x10002b90       0x10 CMakeFiles/pico_interface_fmsynth.dir/home/ck84/src/pico/pico-sdk/src/rp2_common/pico_printf/printf.c.obj
 .text._etoa    0x10002ba0      0x464 CMakeFiles/pico_interface_fmsynth.dir/home/ck84/src/pico/pico-sdk/src/rp2_common/pico_printf/printf.c.obj
 .text._ftoa    0x10003004      0x3c0 CMakeFiles/pico_interface_fmsynth.dir/home/ck84/src/pico/pico-sdk/src/rp2_common/pico_printf/printf.c.obj
 .text._vsnprintf
                0x100033c4      0xbc8 CMakeFiles/pico_interface_fmsynth.dir/home/ck84/src/pico/pico-sdk/src/rp2_common/pico_printf/printf.c.obj
 .text.vfctprintf
                0x10003f8c       0x20 CMakeFiles/pico_interface_fmsynth.dir/home/ck84/src/pico/pico-sdk/src/rp2_common/pico_printf/printf.c.obj
                0x10003f8c                vfctprintf
 .text.weak_raw_vprintf
                0x10003fac       0x30 CMakeFiles/pico_interface_fmsynth.dir/home/ck84/src/pico/pico-sdk/src/rp2_common/pico_printf/printf.c.obj
                0x10003fac                weak_raw_vprintf
 .text._exit    0x10003fdc        0x4 CMakeFiles/pico_interface_fmsynth.dir/home/ck84/src/pico/pico-sdk/src/rp2_common/pico_clib_interface/newlib_interface.c.obj
                0x10003fdc                _exit
 .text.exit     0x10003fe0        0x8 CMakeFiles/pico_interface_fmsynth.dir/home/ck84/src/pico/pico-sdk/src/rp2_common/pico_clib_interface/newlib_interface.c.obj
                0x10003fe0                exit
 .text.runtime_init
                0x10003fe8       0x2c CMakeFiles/pico_interface_fmsynth.dir/home/ck84/src/pico/pico-sdk/src/rp2_common/pico_clib_interface/newlib_interface.c.obj
                0x10003fe8                runtime_init
 .text.stdio_out_chars_no_crlf
                0x10004014       0x10 CMakeFiles/pico_interface_fmsynth.dir/home/ck84/src/pico/pico-sdk/src/rp2_common/pico_stdio/stdio.c.obj
 .text.stdio_out_chars_crlf
                0x10004024       0x94 CMakeFiles/pico_interface_fmsynth.dir/home/ck84/src/pico/pico-sdk/src/rp2_common/pico_stdio/stdio.c.obj
 .text.stdio_buffered_printer
                0x100040b8       0x64 CMakeFiles/pico_interface_fmsynth.dir/home/ck84/src/pico/pico-sdk/src/rp2_common/pico_stdio/stdio.c.obj
 .text.stdio_put_string
                0x1000411c      0x100 CMakeFiles/pico_interface_fmsynth.dir/home/ck84/src/pico/pico-sdk/src/rp2_common/pico_stdio/stdio.c.obj
                0x1000411c                stdio_put_string
 .text.stdio_set_driver_enabled
                0x1000421c       0x30 CMakeFiles/pico_interface_fmsynth.dir/home/ck84/src/pico/pico-sdk/src/rp2_common/pico_stdio/stdio.c.obj
                0x1000421c                stdio_set_driver_enabled
 .text.stdio_init_all
                0x1000424c        0x8 CMakeFiles/pico_interface_fmsynth.dir/home/ck84/src/pico/pico-sdk/src/rp2_common/pico_stdio/stdio.c.obj
                0x1000424c                stdio_init_all
 .text.__wrap_putchar
                0x10004254       0x98 CMakeFiles/pico_interface_fmsynth.dir/home/ck84/src/pico/pico-sdk/src/rp2_common/pico_stdio/stdio.c.obj
                0x10004254                stdio_putchar
                0x10004254                __wrap_putchar
 .text.__wrap_puts
                0x100042ec       0x3c CMakeFiles/pico_interface_fmsynth.dir/home/ck84/src/pico/pico-sdk/src/rp2_common/pico_stdio/stdio.c.obj
                0x100042ec                __wrap_puts
                0x100042ec                stdio_puts
 .text.__wrap_vprintf
                0x10004328       0xd4 CMakeFiles/pico_interface_fmsynth.dir/home/ck84/src/pico/pico-sdk/src/rp2_common/pico_stdio/stdio.c.obj
                0x10004328                __wrap_vprintf
                0x10004328                stdio_vprintf
 .text.__wrap_printf
                0x100043fc       0x18 CMakeFiles/pico_interface_fmsynth.dir/home/ck84/src/pico/pico-sdk/src/rp2_common/pico_stdio/stdio.c.obj
                0x100043fc                stdio_printf
                0x100043fc                __wrap_printf
 .text.resetd_init
                0x10004414        0x4 CMakeFiles/pico_interface_fmsynth.dir/home/ck84/src/pico/pico-sdk/src/rp2_common/pico_stdio_usb/reset_interface.c.obj
 .text.resetd_reset
                0x10004418        0xc CMakeFiles/pico_interface_fmsynth.dir/home/ck84/src/pico/pico-sdk/src/rp2_common/pico_stdio_usb/reset_interface.c.obj
 .text.resetd_open
                0x10004424       0x28 CMakeFiles/pico_interface_fmsynth.dir/home/ck84/src/pico/pico-sdk/src/rp2_common/pico_stdio_usb/reset_interface.c.obj
 .text.resetd_xfer_cb
                0x1000444c        0x4 CMakeFiles/pico_interface_fmsynth.dir/home/ck84/src/pico/pico-sdk/src/rp2_common/pico_stdio_usb/reset_interface.c.obj
 .text.resetd_control_xfer_cb
                0x10004450       0x50 CMakeFiles/pico_interface_fmsynth.dir/home/ck84/src/pico/pico-sdk/src/rp2_common/pico_stdio_usb/reset_interface.c.obj
 .text.tud_descriptor_bos_cb
                0x100044a0        0x8 CMakeFiles/pico_interface_fmsynth.dir/home/ck84/src/pico/pico-sdk/src/rp2_common/pico_stdio_usb/reset_interface.c.obj
                0x100044a0                tud_descriptor_bos_cb
 .text.tud_vendor_control_xfer_cb
                0x100044a8       0x38 CMakeFiles/pico_interface_fmsynth.dir/home/ck84/src/pico/pico-sdk/src/rp2_common/pico_stdio_usb/reset_interface.c.obj
                0x100044a8                tud_vendor_control_xfer_cb
 .text.usbd_app_driver_get_cb
                0x100044e0        0xc CMakeFiles/pico_interface_fmsynth.dir/home/ck84/src/pico/pico-sdk/src/rp2_common/pico_stdio_usb/reset_interface.c.obj
                0x100044e0                usbd_app_driver_get_cb
 .text.tud_cdc_line_coding_cb
                0x100044ec       0x28 CMakeFiles/pico_interface_fmsynth.dir/home/ck84/src/pico/pico-sdk/src/rp2_common/pico_stdio_usb/reset_interface.c.obj
                0x100044ec                tud_cdc_line_coding_cb
 .text.stdio_usb_set_chars_available_callback
                0x10004514       0x14 CMakeFiles/pico_interface_fmsynth.dir/home/ck84/src/pico/pico-sdk/src/rp2_common/pico_stdio_usb/stdio_usb.c.obj
                0x10004514                stdio_usb_set_chars_available_callback
 .text.usb_irq  0x10004528       0x10 CMakeFiles/pico_interface_fmsynth.dir/home/ck84/src/pico/pico-sdk/src/rp2_common/pico_stdio_usb/stdio_usb.c.obj
 .text.timer_task
                0x10004538       0x64 CMakeFiles/pico_interface_fmsynth.dir/home/ck84/src/pico/pico-sdk/src/rp2_common/pico_stdio_usb/stdio_usb.c.obj
 .text.stdio_usb_in_chars
                0x1000459c       0x8c CMakeFiles/pico_interface_fmsynth.dir/home/ck84/src/pico/pico-sdk/src/rp2_common/pico_stdio_usb/stdio_usb.c.obj
                0x1000459c                stdio_usb_in_chars
 .text.stdio_usb_out_flush
                0x10004628       0x4c CMakeFiles/pico_interface_fmsynth.dir/home/ck84/src/pico/pico-sdk/src/rp2_common/pico_stdio_usb/stdio_usb.c.obj
 .text.stdio_usb_out_chars
                0x10004674       0xf8 CMakeFiles/pico_interface_fmsynth.dir/home/ck84/src/pico/pico-sdk/src/rp2_common/pico_stdio_usb/stdio_usb.c.obj
 .text.low_priority_worker_irq
                0x1000476c       0xc4 CMakeFiles/pico_interface_fmsynth.dir/home/ck84/src/pico/pico-sdk/src/rp2_common/pico_stdio_usb/stdio_usb.c.obj
 .text.stdio_usb_init
                0x10004830       0xe8 CMakeFiles/pico_interface_fmsynth.dir/home/ck84/src/pico/pico-sdk/src/rp2_common/pico_stdio_usb/stdio_usb.c.obj
                0x10004830                stdio_usb_init
 .text.tud_descriptor_device_cb
                0x10004918        0x8 CMakeFiles/pico_interface_fmsynth.dir/home/ck84/src/pico/pico-sdk/src/rp2_common/pico_stdio_usb/stdio_usb_descriptors.c.obj
                0x10004918                tud_descriptor_device_cb
 .text.tud_descriptor_configuration_cb
                0x10004920        0x8 CMakeFiles/pico_interface_fmsynth.dir/home/ck84/src/pico/pico-sdk/src/rp2_common/pico_stdio_usb/stdio_usb_descriptors.c.obj
                0x10004920                tud_descriptor_configuration_cb
 .text.tud_descriptor_string_cb
                0x10004928       0x78 CMakeFiles/pico_interface_fmsynth.dir/home/ck84/src/pico/pico-sdk/src/rp2_common/pico_stdio_usb/stdio_usb_descriptors.c.obj
                0x10004928                tud_descriptor_string_cb
 .text.startup._retrieve_unique_id_on_boot
                0x100049a0       0x10 CMakeFiles/pico_interface_fmsynth.dir/home/ck84/src/pico/pico-sdk/src/rp2_common/pico_unique_id/unique_id.c.obj
 .text.pico_get_unique_board_id_string
                0x100049b0      0x1a8 CMakeFiles/pico_interface_fmsynth.dir/home/ck84/src/pico/pico-sdk/src/rp2_common/pico_unique_id/unique_id.c.obj
                0x100049b0                pico_get_unique_board_id_string
 .text.flash_get_unique_id
                0x10004b58       0x3c CMakeFiles/pico_interface_fmsynth.dir/home/ck84/src/pico/pico-sdk/src/rp2_common/hardware_flash/flash.c.obj
                0x10004b58                flash_get_unique_id
 .text.dcd_rp2040_irq
                0x10004b94      0x1cc CMakeFiles/pico_interface_fmsynth.dir/home/ck84/src/pico/pico-sdk/lib/tinyusb/src/portable/raspberrypi/rp2040/dcd_rp2040.c.obj
 .text.dcd_int_enable
                0x10004d60        0xc CMakeFiles/pico_interface_fmsynth.dir/home/ck84/src/pico/pico-sdk/lib/tinyusb/src/portable/raspberrypi/rp2040/dcd_rp2040.c.obj
                0x10004d60                dcd_int_enable
 .text.dcd_set_address
                0x10004d6c       0x14 CMakeFiles/pico_interface_fmsynth.dir/home/ck84/src/pico/pico-sdk/lib/tinyusb/src/portable/raspberrypi/rp2040/dcd_rp2040.c.obj
                0x10004d6c                dcd_set_address
 .text.dcd_connect
                0x10004d80       0x10 CMakeFiles/pico_interface_fmsynth.dir/home/ck84/src/pico/pico-sdk/lib/tinyusb/src/portable/raspberrypi/rp2040/dcd_rp2040.c.obj
                0x10004d80                dcd_connect
 .text.dcd_init
                0x10004d90       0xf0 CMakeFiles/pico_interface_fmsynth.dir/home/ck84/src/pico/pico-sdk/lib/tinyusb/src/portable/raspberrypi/rp2040/dcd_rp2040.c.obj
                0x10004d90                dcd_init
 .text.dcd_edpt0_status_complete
                0x10004e80       0x1c CMakeFiles/pico_interface_fmsynth.dir/home/ck84/src/pico/pico-sdk/lib/tinyusb/src/portable/raspberrypi/rp2040/dcd_rp2040.c.obj
                0x10004e80                dcd_edpt0_status_complete
 .text.dcd_edpt_open
                0x10004e9c       0xf0 CMakeFiles/pico_interface_fmsynth.dir/home/ck84/src/pico/pico-sdk/lib/tinyusb/src/portable/raspberrypi/rp2040/dcd_rp2040.c.obj
                0x10004e9c                dcd_edpt_open
 .text.dcd_edpt_close_all
                0x10004f8c       0x68 CMakeFiles/pico_interface_fmsynth.dir/home/ck84/src/pico/pico-sdk/lib/tinyusb/src/portable/raspberrypi/rp2040/dcd_rp2040.c.obj
                0x10004f8c                dcd_edpt_close_all
 .text.dcd_edpt_xfer
                0x10004ff4       0x24 CMakeFiles/pico_interface_fmsynth.dir/home/ck84/src/pico/pico-sdk/lib/tinyusb/src/portable/raspberrypi/rp2040/dcd_rp2040.c.obj
                0x10004ff4                dcd_edpt_xfer
 .text.dcd_edpt_stall
                0x10005018       0x34 CMakeFiles/pico_interface_fmsynth.dir/home/ck84/src/pico/pico-sdk/lib/tinyusb/src/portable/raspberrypi/rp2040/dcd_rp2040.c.obj
                0x10005018                dcd_edpt_stall
 .text.dcd_edpt_clear_stall
                0x1000504c       0x30 CMakeFiles/pico_interface_fmsynth.dir/home/ck84/src/pico/pico-sdk/lib/tinyusb/src/portable/raspberrypi/rp2040/dcd_rp2040.c.obj
                0x1000504c                dcd_edpt_clear_stall
 .text._hw_endpoint_buffer_control_update32.part.0.isra.0
                0x1000507c       0x1c CMakeFiles/pico_interface_fmsynth.dir/home/ck84/src/pico/pico-sdk/lib/tinyusb/src/portable/raspberrypi/rp2040/rp2040_usb.c.obj
 .text.rp2040_usb_init
                0x10005098       0x4c CMakeFiles/pico_interface_fmsynth.dir/home/ck84/src/pico/pico-sdk/lib/tinyusb/src/portable/raspberrypi/rp2040/rp2040_usb.c.obj
                0x10005098                rp2040_usb_init
 .text.hw_endpoint_reset_transfer
                0x100050e4        0xc CMakeFiles/pico_interface_fmsynth.dir/home/ck84/src/pico/pico-sdk/lib/tinyusb/src/portable/raspberrypi/rp2040/rp2040_usb.c.obj
                0x100050e4                hw_endpoint_reset_transfer
 .text._hw_endpoint_buffer_control_update32
                0x100050f0       0x44 CMakeFiles/pico_interface_fmsynth.dir/home/ck84/src/pico/pico-sdk/lib/tinyusb/src/portable/raspberrypi/rp2040/rp2040_usb.c.obj
                0x100050f0                _hw_endpoint_buffer_control_update32
 .text.hw_endpoint_xfer_start
                0x10005134      0x138 CMakeFiles/pico_interface_fmsynth.dir/home/ck84/src/pico/pico-sdk/lib/tinyusb/src/portable/raspberrypi/rp2040/rp2040_usb.c.obj
                0x10005134                hw_endpoint_xfer_start
 .text.hw_endpoint_xfer_continue
                0x1000526c      0x1d8 CMakeFiles/pico_interface_fmsynth.dir/home/ck84/src/pico/pico-sdk/lib/tinyusb/src/portable/raspberrypi/rp2040/rp2040_usb.c.obj
                0x1000526c                hw_endpoint_xfer_continue
 .text.tud_mounted
                0x10005444       0x10 CMakeFiles/pico_interface_fmsynth.dir/home/ck84/src/pico/pico-sdk/lib/tinyusb/src/device/usbd.c.obj
                0x10005444                tud_mounted
 .text.tud_suspended
                0x10005454       0x10 CMakeFiles/pico_interface_fmsynth.dir/home/ck84/src/pico/pico-sdk/lib/tinyusb/src/device/usbd.c.obj
                0x10005454                tud_suspended
 .text.tud_inited
                0x10005464        0xc CMakeFiles/pico_interface_fmsynth.dir/home/ck84/src/pico/pico-sdk/lib/tinyusb/src/device/usbd.c.obj
                0x10005464                tud_inited
 .text.tud_init
                0x10005470       0xf4 CMakeFiles/pico_interface_fmsynth.dir/home/ck84/src/pico/pico-sdk/lib/tinyusb/src/device/usbd.c.obj
                0x10005470                tud_init
 .text.tud_task
                0x10005564      0x908 CMakeFiles/pico_interface_fmsynth.dir/home/ck84/src/pico/pico-sdk/lib/tinyusb/src/device/usbd.c.obj
                0x10005564                tud_task
 .text.dcd_event_bus_signal
                0x10005e6c      0x124 CMakeFiles/pico_interface_fmsynth.dir/home/ck84/src/pico/pico-sdk/lib/tinyusb/src/device/usbd.c.obj
                0x10005e6c                dcd_event_bus_signal
 .text.dcd_event_bus_reset
                0x10005f90       0x58 CMakeFiles/pico_interface_fmsynth.dir/home/ck84/src/pico/pico-sdk/lib/tinyusb/src/device/usbd.c.obj
                0x10005f90                dcd_event_bus_reset
 .text.dcd_event_setup_received
                0x10005fe8       0x50 CMakeFiles/pico_interface_fmsynth.dir/home/ck84/src/pico/pico-sdk/lib/tinyusb/src/device/usbd.c.obj
                0x10005fe8                dcd_event_setup_received
 .text.dcd_event_xfer_complete
                0x10006038       0x68 CMakeFiles/pico_interface_fmsynth.dir/home/ck84/src/pico/pico-sdk/lib/tinyusb/src/device/usbd.c.obj
                0x10006038                dcd_event_xfer_complete
 .text.usbd_open_edpt_pair
                0x100060a0       0x94 CMakeFiles/pico_interface_fmsynth.dir/home/ck84/src/pico/pico-sdk/lib/tinyusb/src/device/usbd.c.obj
                0x100060a0                usbd_open_edpt_pair
 .text.usbd_edpt_open
                0x10006134       0x30 CMakeFiles/pico_interface_fmsynth.dir/home/ck84/src/pico/pico-sdk/lib/tinyusb/src/device/usbd.c.obj
                0x10006134                usbd_edpt_open
 .text.usbd_edpt_claim
                0x10006164       0x64 CMakeFiles/pico_interface_fmsynth.dir/home/ck84/src/pico/pico-sdk/lib/tinyusb/src/device/usbd.c.obj
                0x10006164                usbd_edpt_claim
 .text.usbd_edpt_release
                0x100061c8       0x4c CMakeFiles/pico_interface_fmsynth.dir/home/ck84/src/pico/pico-sdk/lib/tinyusb/src/device/usbd.c.obj
                0x100061c8                usbd_edpt_release
 .text.usbd_edpt_xfer
                0x10006214       0x44 CMakeFiles/pico_interface_fmsynth.dir/home/ck84/src/pico/pico-sdk/lib/tinyusb/src/device/usbd.c.obj
                0x10006214                usbd_edpt_xfer
 .text.usbd_edpt_busy
                0x10006258       0x1c CMakeFiles/pico_interface_fmsynth.dir/home/ck84/src/pico/pico-sdk/lib/tinyusb/src/device/usbd.c.obj
                0x10006258                usbd_edpt_busy
 .text.tud_control_status
                0x10006274       0x2c CMakeFiles/pico_interface_fmsynth.dir/home/ck84/src/pico/pico-sdk/lib/tinyusb/src/device/usbd_control.c.obj
                0x10006274                tud_control_status
 .text.tud_control_xfer
                0x100062a0       0xac CMakeFiles/pico_interface_fmsynth.dir/home/ck84/src/pico/pico-sdk/lib/tinyusb/src/device/usbd_control.c.obj
                0x100062a0                tud_control_xfer
 .text.usbd_control_reset
                0x1000634c       0x14 CMakeFiles/pico_interface_fmsynth.dir/home/ck84/src/pico/pico-sdk/lib/tinyusb/src/device/usbd_control.c.obj
                0x1000634c                usbd_control_reset
 .text.usbd_control_set_complete_callback
                0x10006360        0xc CMakeFiles/pico_interface_fmsynth.dir/home/ck84/src/pico/pico-sdk/lib/tinyusb/src/device/usbd_control.c.obj
                0x10006360                usbd_control_set_complete_callback
 .text.usbd_control_set_request
                0x1000636c       0x1c CMakeFiles/pico_interface_fmsynth.dir/home/ck84/src/pico/pico-sdk/lib/tinyusb/src/device/usbd_control.c.obj
                0x1000636c                usbd_control_set_request
 .text.usbd_control_xfer_cb
                0x10006388       0xf4 CMakeFiles/pico_interface_fmsynth.dir/home/ck84/src/pico/pico-sdk/lib/tinyusb/src/device/usbd_control.c.obj
                0x10006388                usbd_control_xfer_cb
 .text.tud_cdc_n_connected
                0x1000647c       0x30 CMakeFiles/pico_interface_fmsynth.dir/home/ck84/src/pico/pico-sdk/lib/tinyusb/src/class/cdc/cdc_device.c.obj
                0x1000647c                tud_cdc_n_connected
 .text.tud_cdc_n_available
                0x100064ac       0x18 CMakeFiles/pico_interface_fmsynth.dir/home/ck84/src/pico/pico-sdk/lib/tinyusb/src/class/cdc/cdc_device.c.obj
                0x100064ac                tud_cdc_n_available
 .text.tud_cdc_n_read
                0x100064c4       0x70 CMakeFiles/pico_interface_fmsynth.dir/home/ck84/src/pico/pico-sdk/lib/tinyusb/src/class/cdc/cdc_device.c.obj
                0x100064c4                tud_cdc_n_read
 .text.tud_cdc_n_write_flush
                0x10006534       0x78 CMakeFiles/pico_interface_fmsynth.dir/home/ck84/src/pico/pico-sdk/lib/tinyusb/src/class/cdc/cdc_device.c.obj
                0x10006534                tud_cdc_n_write_flush
 .text.tud_cdc_n_write
                0x100065ac       0x34 CMakeFiles/pico_interface_fmsynth.dir/home/ck84/src/pico/pico-sdk/lib/tinyusb/src/class/cdc/cdc_device.c.obj
                0x100065ac                tud_cdc_n_write
 .text.tud_cdc_n_write_available
                0x100065e0       0x18 CMakeFiles/pico_interface_fmsynth.dir/home/ck84/src/pico/pico-sdk/lib/tinyusb/src/class/cdc/cdc_device.c.obj
                0x100065e0                tud_cdc_n_write_available
 .text.cdcd_init
                0x100065f8       0x7c CMakeFiles/pico_interface_fmsynth.dir/home/ck84/src/pico/pico-sdk/lib/tinyusb/src/class/cdc/cdc_device.c.obj
                0x100065f8                cdcd_init
 .text.cdcd_reset
                0x10006674       0x2c CMakeFiles/pico_interface_fmsynth.dir/home/ck84/src/pico/pico-sdk/lib/tinyusb/src/class/cdc/cdc_device.c.obj
                0x10006674                cdcd_reset
 .text.cdcd_open
                0x100066a0       0xe4 CMakeFiles/pico_interface_fmsynth.dir/home/ck84/src/pico/pico-sdk/lib/tinyusb/src/class/cdc/cdc_device.c.obj
                0x100066a0                cdcd_open
 .text.cdcd_control_xfer_cb
                0x10006784       0xe4 CMakeFiles/pico_interface_fmsynth.dir/home/ck84/src/pico/pico-sdk/lib/tinyusb/src/class/cdc/cdc_device.c.obj
                0x10006784                cdcd_control_xfer_cb
 .text.cdcd_xfer_cb
                0x10006868      0x13c CMakeFiles/pico_interface_fmsynth.dir/home/ck84/src/pico/pico-sdk/lib/tinyusb/src/class/cdc/cdc_device.c.obj
                0x10006868                cdcd_xfer_cb
 .text.vendord_init
                0x100069a4       0x64 CMakeFiles/pico_interface_fmsynth.dir/home/ck84/src/pico/pico-sdk/lib/tinyusb/src/class/vendor/vendor_device.c.obj
                0x100069a4                vendord_init
 .text.vendord_reset
                0x10006a08       0x1c CMakeFiles/pico_interface_fmsynth.dir/home/ck84/src/pico/pico-sdk/lib/tinyusb/src/class/vendor/vendor_device.c.obj
                0x10006a08                vendord_reset
 .text.vendord_open
                0x10006a24       0xdc CMakeFiles/pico_interface_fmsynth.dir/home/ck84/src/pico/pico-sdk/lib/tinyusb/src/class/vendor/vendor_device.c.obj
                0x10006a24                vendord_open
 .text.vendord_xfer_cb
                0x10006b00       0x94 CMakeFiles/pico_interface_fmsynth.dir/home/ck84/src/pico/pico-sdk/lib/tinyusb/src/class/vendor/vendor_device.c.obj
                0x10006b00                vendord_xfer_cb
 .text.tusb_init
                0x10006b94        0xc CMakeFiles/pico_interface_fmsynth.dir/home/ck84/src/pico/pico-sdk/lib/tinyusb/src/tusb.c.obj
                0x10006b94                tusb_init
 .text.tusb_inited
                0x10006ba0        0x8 CMakeFiles/pico_interface_fmsynth.dir/home/ck84/src/pico/pico-sdk/lib/tinyusb/src/tusb.c.obj
                0x10006ba0                tusb_inited
 .text.tu_edpt_validate
                0x10006ba8       0x7c CMakeFiles/pico_interface_fmsynth.dir/home/ck84/src/pico/pico-sdk/lib/tinyusb/src/tusb.c.obj
                0x10006ba8                tu_edpt_validate
 .text.tu_edpt_bind_driver
                0x10006c24       0x2c CMakeFiles/pico_interface_fmsynth.dir/home/ck84/src/pico/pico-sdk/lib/tinyusb/src/tusb.c.obj
                0x10006c24                tu_edpt_bind_driver
 .text.tu_fifo_config
                0x10006c50       0x74 CMakeFiles/pico_interface_fmsynth.dir/home/ck84/src/pico/pico-sdk/lib/tinyusb/src/common/tusb_fifo.c.obj
                0x10006c50                tu_fifo_config
 .text.tu_fifo_count
                0x10006cc4       0x20 CMakeFiles/pico_interface_fmsynth.dir/home/ck84/src/pico/pico-sdk/lib/tinyusb/src/common/tusb_fifo.c.obj
                0x10006cc4                tu_fifo_count
 .text.tu_fifo_empty
                0x10006ce4       0x10 CMakeFiles/pico_interface_fmsynth.dir/home/ck84/src/pico/pico-sdk/lib/tinyusb/src/common/tusb_fifo.c.obj
                0x10006ce4                tu_fifo_empty
 .text.tu_fifo_remaining
                0x10006cf4       0x1c CMakeFiles/pico_interface_fmsynth.dir/home/ck84/src/pico/pico-sdk/lib/tinyusb/src/common/tusb_fifo.c.obj
                0x10006cf4                tu_fifo_remaining
 .text.tu_fifo_read
                0x10006d10       0xa8 CMakeFiles/pico_interface_fmsynth.dir/home/ck84/src/pico/pico-sdk/lib/tinyusb/src/common/tusb_fifo.c.obj
                0x10006d10                tu_fifo_read
 .text.tu_fifo_read_n
                0x10006db8      0x100 CMakeFiles/pico_interface_fmsynth.dir/home/ck84/src/pico/pico-sdk/lib/tinyusb/src/common/tusb_fifo.c.obj
                0x10006db8                tu_fifo_read_n
 .text.tu_fifo_write
                0x10006eb8       0x8c CMakeFiles/pico_interface_fmsynth.dir/home/ck84/src/pico/pico-sdk/lib/tinyusb/src/common/tusb_fifo.c.obj
                0x10006eb8                tu_fifo_write
 .text.tu_fifo_write_n
                0x10006f44       0xfc CMakeFiles/pico_interface_fmsynth.dir/home/ck84/src/pico/pico-sdk/lib/tinyusb/src/common/tusb_fifo.c.obj
                0x10006f44                tu_fifo_write_n
 .text.tu_fifo_clear
                0x10007040       0x4c CMakeFiles/pico_interface_fmsynth.dir/home/ck84/src/pico/pico-sdk/lib/tinyusb/src/common/tusb_fifo.c.obj
                0x10007040                tu_fifo_clear
 .text.tu_fifo_set_overwritable
                0x1000708c       0x3c CMakeFiles/pico_interface_fmsynth.dir/home/ck84/src/pico/pico-sdk/lib/tinyusb/src/common/tusb_fifo.c.obj
                0x1000708c                tu_fifo_set_overwritable
 .text.adc_init
                0x100070c8       0x38 CMakeFiles/pico_interface_fmsynth.dir/home/ck84/src/pico/pico-sdk/src/rp2_common/hardware_adc/adc.c.obj
                0x100070c8                adc_init
 .text          0x10007100       0x10 /usr/lib/gcc/arm-none-eabi/13.2.1/../../../arm-none-eabi/lib/thumb/v6-m/nofp/libc.a(libc_a-atexit.o)
                0x10007100                atexit
 .text          0x10007110       0x5c /usr/lib/gcc/arm-none-eabi/13.2.1/../../../arm-none-eabi/lib/thumb/v6-m/nofp/libc.a(libc_a-strlen-stub.o)
                0x10007110                strlen
 .text          0x1000716c       0x28 /usr/lib/gcc/arm-none-eabi/13.2.1/../../../arm-none-eabi/lib/thumb/v6-m/nofp/libc.a(libc_a-fini.o)
                0x1000716c                __libc_fini_array
 .text          0x10007194       0x78 /usr/lib/gcc/arm-none-eabi/13.2.1/../../../arm-none-eabi/lib/thumb/v6-m/nofp/libc.a(libc_a-__atexit.o)
                0x10007194                __register_exitproc
 .text.startup  0x1000720c       0x18 /usr/lib/gcc/arm-none-eabi/13.2.1/../../../arm-none-eabi/lib/thumb/v6-m/nofp/libc.a(libc_a-__call_atexit.o)
 *(.fini)
 .fini          0x10007224        0x4 /usr/lib/gcc/arm-none-eabi/13.2.1/thumb/v6-m/nofp/crti.o
                0x10007224                _fini
 .fini.__stub   0x10007228       0x70 linker stubs
 *crtbegin.o(.ctors)
 *crtbegin?.o(.ctors)
 *(EXCLUDE_FILE(*crtend.o *crtend?.o) .ctors)
 *(SORT_BY_NAME(.ctors.*))
 *(.ctors)
 *crtbegin.o(.dtors)
 *crtbegin?.o(.dtors)
 *(EXCLUDE_FILE(*crtend.o *crtend?.o) .dtors)
 *(SORT_BY_NAME(.dtors.*))
 *(.dtors)
                0x10007298                        . = ALIGN (0x4)
                0x10007298                        PROVIDE (__preinit_array_start = .)
 *(SORT_BY_NAME(.preinit_array.*))
 .preinit_array.00100
                0x10007298        0x4 CMakeFiles/pico_interface_fmsynth.dir/home/ck84/src/pico/pico-sdk/src/rp2_common/pico_runtime_init/runtime_init.c.obj
                0x10007298                __pre_init_runtime_init_early_resets
 .preinit_array.00101
                0x1000729c        0x4 CMakeFiles/pico_interface_fmsynth.dir/home/ck84/src/pico/pico-sdk/src/rp2_common/pico_runtime_init/runtime_init.c.obj
                0x1000729c                __pre_init_runtime_init_usb_power_down
 .preinit_array.00275
                0x100072a0        0x4 CMakeFiles/pico_interface_fmsynth.dir/home/ck84/src/pico/pico-sdk/src/rp2_common/pico_bit_ops/bit_ops_aeabi.S.obj
 .preinit_array.00300
                0x100072a4        0x4 CMakeFiles/pico_interface_fmsynth.dir/home/ck84/src/pico/pico-sdk/src/rp2_common/pico_mem_ops/mem_ops_aeabi.S.obj
 .preinit_array.00350
                0x100072a8        0x4 CMakeFiles/pico_interface_fmsynth.dir/home/ck84/src/pico/pico-sdk/src/rp2_common/pico_double/double_aeabi_rp2040.S.obj
 .preinit_array.00350
                0x100072ac        0x4 CMakeFiles/pico_interface_fmsynth.dir/home/ck84/src/pico/pico-sdk/src/rp2_common/pico_float/float_aeabi_rp2040.S.obj
 .preinit_array.00500
                0x100072b0        0x4 CMakeFiles/pico_interface_fmsynth.dir/home/ck84/src/pico/pico-sdk/src/rp2_common/pico_runtime_init/runtime_init.c.obj
                0x100072b0                __pre_init_runtime_init_clocks
 .preinit_array.00600
                0x100072b4        0x4 CMakeFiles/pico_interface_fmsynth.dir/home/ck84/src/pico/pico-sdk/src/rp2_common/pico_runtime_init/runtime_init.c.obj
                0x100072b4                __pre_init_runtime_init_post_clock_resets
 .preinit_array.00700
                0x100072b8        0x4 CMakeFiles/pico_interface_fmsynth.dir/home/ck84/src/pico/pico-sdk/src/rp2_common/pico_runtime_init/runtime_init.c.obj
                0x100072b8                __pre_init_runtime_init_rp2040_gpio_ie_disable
 .preinit_array.01000
                0x100072bc        0x4 CMakeFiles/pico_interface_fmsynth.dir/home/ck84/src/pico/pico-sdk/src/rp2_common/pico_runtime_init/runtime_init.c.obj
                0x100072bc                __pre_init_runtime_init_spin_locks_reset
 .preinit_array.01100
                0x100072c0        0x4 CMakeFiles/pico_interface_fmsynth.dir/home/ck84/src/pico/pico-sdk/src/common/pico_sync/mutex.c.obj
                0x100072c0                __pre_init_runtime_init_mutex
 .preinit_array.10080
                0x100072c4        0x4 CMakeFiles/pico_interface_fmsynth.dir/home/ck84/src/pico/pico-sdk/src/rp2_common/pico_runtime_init/runtime_init.c.obj
                0x100072c4                __pre_init_runtime_init_install_ram_vector_table
 .preinit_array.11000
                0x100072c8        0x4 CMakeFiles/pico_interface_fmsynth.dir/home/ck84/src/pico/pico-sdk/src/common/pico_time/time.c.obj
                0x100072c8                __pre_init_runtime_init_default_alarm_pool
 .preinit_array.YYYYY
                0x100072cc        0x4 CMakeFiles/pico_interface_fmsynth.dir/home/ck84/src/pico/pico-sdk/src/rp2_common/pico_runtime/runtime.c.obj
                0x100072cc                __pre_init_first_per_core_initializer
 .preinit_array.ZZZZZ.01200
                0x100072d0        0x4 CMakeFiles/pico_interface_fmsynth.dir/home/ck84/src/pico/pico-sdk/src/rp2_common/hardware_irq/irq.c.obj
                0x100072d0                __pre_init_runtime_init_per_core_irq_priorities
 *(.preinit_array)
                0x100072d4                        PROVIDE (__preinit_array_end = .)
                0x100072d4                        . = ALIGN (0x4)
                0x100072d4                        PROVIDE (__init_array_start = .)
 *(SORT_BY_NAME(.init_array.*))
 .init_array.00000
                0x100072d4        0x4 /usr/lib/gcc/arm-none-eabi/13.2.1/../../../arm-none-eabi/lib/thumb/v6-m/nofp/libc.a(libc_a-__call_atexit.o)
 *(.init_array)
 .init_array    0x100072d8        0x4 /usr/lib/gcc/arm-none-eabi/13.2.1/thumb/v6-m/nofp/crtbegin.o
 .init_array    0x100072dc        0x4 CMakeFiles/pico_interface_fmsynth.dir/fmsynth-interface.cpp.obj
 .init_array    0x100072e0        0x4 CMakeFiles/pico_interface_fmsynth.dir/home/ck84/src/pico/pico-sdk/src/rp2_common/pico_unique_id/unique_id.c.obj
                0x100072e4                        PROVIDE (__init_array_end = .)
                0x100072e4                        . = ALIGN (0x4)
                0x100072e4                        PROVIDE (__fini_array_start = .)
 *(SORT_BY_NAME(.fini_array.*))
 *(.fini_array)
                0x100072e4                        PROVIDE (__fini_array_end = .)
 *(.eh_frame*)
 .eh_frame      0x100072e4        0x0 /usr/lib/gcc/arm-none-eabi/13.2.1/thumb/v6-m/nofp/crtbegin.o
                0x100072e4                        . = ALIGN (0x4)

.glue_7         0x100072e4        0x0
 .glue_7        0x100072e4        0x0 linker stubs

.glue_7t        0x100072e4        0x0
 .glue_7t       0x100072e4        0x0 linker stubs

.vfp11_veneer   0x100072e4        0x0
 .vfp11_veneer  0x100072e4        0x0 linker stubs

.v4_bx          0x100072e4        0x0
 .v4_bx         0x100072e4        0x0 linker stubs

.iplt           0x100072e4        0x0
 .iplt          0x100072e4        0x0 /usr/lib/gcc/arm-none-eabi/13.2.1/thumb/v6-m/nofp/crtbegin.o

.rodata         0x100072e8      0x630
 *(EXCLUDE_FILE(*libm.a: *libc.a:*lib_a-mem*.o *libgcc.a:) .rodata*)
 .rodata.main.str1.4
                0x100072e8      0x1af CMakeFiles/pico_interface_fmsynth.dir/fmsynth-interface.cpp.obj
                                 0x38 (size before relaxing)
 *fill*         0x10007497        0x1 
 .rodata        0x10007498       0x18 CMakeFiles/pico_interface_fmsynth.dir/fmsynth-interface.cpp.obj
 .rodata.panic.str1.4
                0x100074b0       0x12 CMakeFiles/pico_interface_fmsynth.dir/home/ck84/src/pico/pico-sdk/src/rp2_common/pico_platform_panic/panic.c.obj
 .rodata.spin_lock_claim_unused.str1.4
                0x100074b0       0x1b CMakeFiles/pico_interface_fmsynth.dir/home/ck84/src/pico/pico-sdk/src/rp2_common/hardware_sync/sync.c.obj
 .rodata.user_irq_claim_unused.str1.4
                0x100074b0       0x1b CMakeFiles/pico_interface_fmsynth.dir/home/ck84/src/pico/pico-sdk/src/rp2_common/hardware_irq/irq.c.obj
 .rodata.timer_hardware_alarm_claim.str1.4
                0x100074b0       0x22 CMakeFiles/pico_interface_fmsynth.dir/home/ck84/src/pico/pico-sdk/src/rp2_common/hardware_timer/timer.c.obj
 .rodata.hard_assertion_failure.str1.4
                0x100074b0        0xc CMakeFiles/pico_interface_fmsynth.dir/home/ck84/src/pico/pico-sdk/src/rp2_common/pico_runtime/runtime.c.obj
 .rodata.str1.4
                0x100074b0       0x3c CMakeFiles/pico_interface_fmsynth.dir/home/ck84/src/pico/pico-sdk/src/rp2_common/pico_standard_binary_info/standard_binary_info.c.obj
 .rodata.__bi_84
                0x100074b0        0xc CMakeFiles/pico_interface_fmsynth.dir/home/ck84/src/pico/pico-sdk/src/rp2_common/pico_standard_binary_info/standard_binary_info.c.obj
 .rodata.__bi_54
                0x100074bc        0xc CMakeFiles/pico_interface_fmsynth.dir/home/ck84/src/pico/pico-sdk/src/rp2_common/pico_standard_binary_info/standard_binary_info.c.obj
 .rodata.__bi_48
                0x100074c8        0xc CMakeFiles/pico_interface_fmsynth.dir/home/ck84/src/pico/pico-sdk/src/rp2_common/pico_standard_binary_info/standard_binary_info.c.obj
 .rodata.__bi_42
                0x100074d4        0xc CMakeFiles/pico_interface_fmsynth.dir/home/ck84/src/pico/pico-sdk/src/rp2_common/pico_standard_binary_info/standard_binary_info.c.obj
 .rodata.__bi_34
                0x100074e0        0xc CMakeFiles/pico_interface_fmsynth.dir/home/ck84/src/pico/pico-sdk/src/rp2_common/pico_standard_binary_info/standard_binary_info.c.obj
 .rodata.__bi_26
                0x100074ec        0xc CMakeFiles/pico_interface_fmsynth.dir/home/ck84/src/pico/pico-sdk/src/rp2_common/pico_standard_binary_info/standard_binary_info.c.obj
 .rodata._ftoa.str1.4
                0x100074f8       0x15 CMakeFiles/pico_interface_fmsynth.dir/home/ck84/src/pico/pico-sdk/src/rp2_common/pico_printf/printf.c.obj
 .rodata._vsnprintf
                0x100074f8      0x19c CMakeFiles/pico_interface_fmsynth.dir/home/ck84/src/pico/pico-sdk/src/rp2_common/pico_printf/printf.c.obj
 *fill*         0x10007694        0x4 
 .rodata.pow10.0
                0x10007698       0x50 CMakeFiles/pico_interface_fmsynth.dir/home/ck84/src/pico/pico-sdk/src/rp2_common/pico_printf/printf.c.obj
 .rodata.crlf_str.0
                0x100076e8        0x2 CMakeFiles/pico_interface_fmsynth.dir/home/ck84/src/pico/pico-sdk/src/rp2_common/pico_stdio/stdio.c.obj
 *fill*         0x100076ea        0x2 
 .rodata._resetd_driver
                0x100076ec       0x18 CMakeFiles/pico_interface_fmsynth.dir/home/ck84/src/pico/pico-sdk/src/rp2_common/pico_stdio_usb/reset_interface.c.obj
 .rodata.desc_ms_os_20
                0x10007704       0xa6 CMakeFiles/pico_interface_fmsynth.dir/home/ck84/src/pico/pico-sdk/src/rp2_common/pico_stdio_usb/reset_interface.c.obj
 *fill*         0x100077aa        0x2 
 .rodata.desc_bos
                0x100077ac       0x21 CMakeFiles/pico_interface_fmsynth.dir/home/ck84/src/pico/pico-sdk/src/rp2_common/pico_stdio_usb/reset_interface.c.obj
                0x100077ac                desc_bos
 .rodata.str1.4
                0x100077cd       0x13 CMakeFiles/pico_interface_fmsynth.dir/home/ck84/src/pico/pico-sdk/src/rp2_common/pico_stdio_usb/stdio_usb.c.obj
 *fill*         0x100077cd        0x3 
 .rodata.__bi_197.0
                0x100077d0        0xc CMakeFiles/pico_interface_fmsynth.dir/home/ck84/src/pico/pico-sdk/src/rp2_common/pico_stdio_usb/stdio_usb.c.obj
 .rodata.str1.4
                0x100077dc       0x2a CMakeFiles/pico_interface_fmsynth.dir/home/ck84/src/pico/pico-sdk/src/rp2_common/pico_stdio_usb/stdio_usb_descriptors.c.obj
 .rodata.usbd_desc_str
                0x100077dc       0x18 CMakeFiles/pico_interface_fmsynth.dir/home/ck84/src/pico/pico-sdk/src/rp2_common/pico_stdio_usb/stdio_usb_descriptors.c.obj
 .rodata.usbd_desc_cfg
                0x100077f4       0x54 CMakeFiles/pico_interface_fmsynth.dir/home/ck84/src/pico/pico-sdk/src/rp2_common/pico_stdio_usb/stdio_usb_descriptors.c.obj
 .rodata.usbd_desc_device
                0x10007848       0x12 CMakeFiles/pico_interface_fmsynth.dir/home/ck84/src/pico/pico-sdk/src/rp2_common/pico_stdio_usb/stdio_usb_descriptors.c.obj
 .rodata.dcd_rp2040_irq.str1.4
                0x1000785a       0x14 CMakeFiles/pico_interface_fmsynth.dir/home/ck84/src/pico/pico-sdk/lib/tinyusb/src/portable/raspberrypi/rp2040/dcd_rp2040.c.obj
 .rodata._hw_endpoint_buffer_control_update32.part.0.isra.0.str1.4
                0x1000785a       0x1f CMakeFiles/pico_interface_fmsynth.dir/home/ck84/src/pico/pico-sdk/lib/tinyusb/src/portable/raspberrypi/rp2040/rp2040_usb.c.obj
 .rodata.hw_endpoint_xfer_continue.str1.4
                0x1000785a       0x29 CMakeFiles/pico_interface_fmsynth.dir/home/ck84/src/pico/pico-sdk/lib/tinyusb/src/portable/raspberrypi/rp2040/rp2040_usb.c.obj
 .rodata.str1.4
                0x1000785a        0x7 CMakeFiles/pico_interface_fmsynth.dir/home/ck84/src/pico/pico-sdk/lib/tinyusb/src/portable/raspberrypi/rp2040/rp2040_usb.c.obj
 *fill*         0x1000785a        0x2 
 .rodata.tud_task
                0x1000785c       0x8c CMakeFiles/pico_interface_fmsynth.dir/home/ck84/src/pico/pico-sdk/lib/tinyusb/src/device/usbd.c.obj
 .rodata._usbd_driver
                0x100078e8       0x30 CMakeFiles/pico_interface_fmsynth.dir/home/ck84/src/pico/pico-sdk/lib/tinyusb/src/device/usbd.c.obj
                0x10007918                        . = ALIGN (0x4)
 *(SORT_BY_ALIGNMENT(SORT_BY_NAME(.flashdata*)))
                0x10007918                        . = ALIGN (0x4)

.ARM.extab
 *(.ARM.extab* .gnu.linkonce.armextab.*)
                0x10007918                        __exidx_start = .

.ARM.exidx
 *(.ARM.exidx* .gnu.linkonce.armexidx.*)
                0x10007918                        __exidx_end = .
                0x10007918                        . = ALIGN (0x4)
                0x10007918                        __binary_info_start = .

.binary_info    0x10007918       0x1c
 *(.binary_info.keep.*)
 .binary_info.keep.__bi_ptr84
                0x10007918        0x4 CMakeFiles/pico_interface_fmsynth.dir/home/ck84/src/pico/pico-sdk/src/rp2_common/pico_standard_binary_info/standard_binary_info.c.obj
 .binary_info.keep.__bi_ptr54
                0x1000791c        0x4 CMakeFiles/pico_interface_fmsynth.dir/home/ck84/src/pico/pico-sdk/src/rp2_common/pico_standard_binary_info/standard_binary_info.c.obj
 .binary_info.keep.__bi_ptr48
                0x10007920        0x4 CMakeFiles/pico_interface_fmsynth.dir/home/ck84/src/pico/pico-sdk/src/rp2_common/pico_standard_binary_info/standard_binary_info.c.obj
 .binary_info.keep.__bi_ptr42
                0x10007924        0x4 CMakeFiles/pico_interface_fmsynth.dir/home/ck84/src/pico/pico-sdk/src/rp2_common/pico_standard_binary_info/standard_binary_info.c.obj
 .binary_info.keep.__bi_ptr34
                0x10007928        0x4 CMakeFiles/pico_interface_fmsynth.dir/home/ck84/src/pico/pico-sdk/src/rp2_common/pico_standard_binary_info/standard_binary_info.c.obj
 .binary_info.keep.__bi_ptr26
                0x1000792c        0x4 CMakeFiles/pico_interface_fmsynth.dir/home/ck84/src/pico/pico-sdk/src/rp2_common/pico_standard_binary_info/standard_binary_info.c.obj
 *(.binary_info.*)
 .binary_info.__bi_ptr197
                0x10007930        0x4 CMakeFiles/pico_interface_fmsynth.dir/home/ck84/src/pico/pico-sdk/src/rp2_common/pico_stdio_usb/stdio_usb.c.obj
                0x10007934                        __binary_info_end = .

.rel.dyn        0x10007934        0x0
 .rel.iplt      0x10007934        0x0 /usr/lib/gcc/arm-none-eabi/13.2.1/thumb/v6-m/nofp/crtbegin.o
                0x10007934                        . = ALIGN (0x4)

.ram_vector_table
                0x20000000       0xc0
 *(.ram_vector_table)
 .ram_vector_table
                0x20000000       0xc0 CMakeFiles/pico_interface_fmsynth.dir/home/ck84/src/pico/pico-sdk/src/rp2_common/pico_runtime_init/runtime_init.c.obj
                0x20000000                ram_vector_table

.uninitialized_data
                0x200000c0        0x0
                0x200000c0                        . = ALIGN (0x4)
 *(.uninitialized_data*)

.data           0x200000c0      0x3e4 load address 0x10007934
                0x200000c0                        __data_start__ = .
 *(vtable)
 *(.time_critical*)
 .time_critical.mutex_try_enter
                0x200000c0       0x40 CMakeFiles/pico_interface_fmsynth.dir/home/ck84/src/pico/pico-sdk/src/common/pico_sync/mutex.c.obj
                0x200000c0                mutex_try_enter
 .time_critical.mutex_try_enter_block_until
                0x20000100       0x9c CMakeFiles/pico_interface_fmsynth.dir/home/ck84/src/pico/pico-sdk/src/common/pico_sync/mutex.c.obj
                0x20000100                mutex_try_enter_block_until
 .time_critical.mutex_enter_timeout_ms
                0x2000019c       0x90 CMakeFiles/pico_interface_fmsynth.dir/home/ck84/src/pico/pico-sdk/src/common/pico_sync/mutex.c.obj
                0x2000019c                mutex_enter_timeout_ms
 .time_critical.mutex_exit
                0x2000022c       0x28 CMakeFiles/pico_interface_fmsynth.dir/home/ck84/src/pico/pico-sdk/src/common/pico_sync/mutex.c.obj
                0x2000022c                mutex_exit
 .time_critical.flash_init_boot2_copyout
                0x20000254       0x30 CMakeFiles/pico_interface_fmsynth.dir/home/ck84/src/pico/pico-sdk/src/rp2_common/hardware_flash/flash.c.obj
 .time_critical.flash_enable_xip_via_boot2
                0x20000284        0xc CMakeFiles/pico_interface_fmsynth.dir/home/ck84/src/pico/pico-sdk/src/rp2_common/hardware_flash/flash.c.obj
 .time_critical.flash_cs_force
                0x20000290       0x38 CMakeFiles/pico_interface_fmsynth.dir/home/ck84/src/pico/pico-sdk/src/rp2_common/hardware_flash/flash.c.obj
 .time_critical.flash_do_cmd
                0x200002c8       0xc0 CMakeFiles/pico_interface_fmsynth.dir/home/ck84/src/pico/pico-sdk/src/rp2_common/hardware_flash/flash.c.obj
                0x200002c8                flash_do_cmd
 *(.text*)
 .text          0x20000388        0x4 /usr/lib/gcc/arm-none-eabi/13.2.1/thumb/v6-m/nofp/libgcc.a(_dvmd_tls.o)
                0x20000388                __aeabi_ldiv0
                0x20000388                __aeabi_idiv0
 *fill*         0x2000038c        0x4 
 .text.__stub   0x20000390       0x30 linker stubs
                0x200003c0                        . = ALIGN (0x4)
 *(.rodata*)
                0x200003c0                        . = ALIGN (0x4)
 *(.data*)
 .data.striped_spin_lock_num
                0x200003c0        0x1 CMakeFiles/pico_interface_fmsynth.dir/home/ck84/src/pico/pico-sdk/src/rp2_common/hardware_sync/sync.c.obj
 *fill*         0x200003c1        0x3 
 .data          0x200003c4       0x48 CMakeFiles/pico_interface_fmsynth.dir/home/ck84/src/pico/pico-sdk/src/rp2_common/hardware_irq/irq_handler_chain.S.obj
                0x200003c4                irq_handler_chain_slots
                0x200003f4                irq_handler_chain_first_slot
                0x200003fe                irq_handler_chain_remove_tail
 .data.default_alarm_pool
                0x2000040c       0x18 CMakeFiles/pico_interface_fmsynth.dir/home/ck84/src/pico/pico-sdk/src/common/pico_time/time.c.obj
 *fill*         0x20000424        0xc 
 .data.aeabi_bits_funcs
                0x20000430       0x10 CMakeFiles/pico_interface_fmsynth.dir/home/ck84/src/pico/pico-sdk/src/rp2_common/pico_bit_ops/bit_ops_aeabi.S.obj
                0x20000430                aeabi_bits_funcs
                0x20000440                aeabi_bits_funcs_end
 .data.aeabi_mem_funcs
                0x20000440       0x10 CMakeFiles/pico_interface_fmsynth.dir/home/ck84/src/pico/pico-sdk/src/rp2_common/pico_mem_ops/mem_ops_aeabi.S.obj
                0x20000440                aeabi_mem_funcs
                0x20000450                aeabi_mem_funcs_end
 .data.stdio_usb
                0x20000450       0x18 CMakeFiles/pico_interface_fmsynth.dir/home/ck84/src/pico/pico-sdk/src/rp2_common/pico_stdio_usb/stdio_usb.c.obj
                0x20000450                stdio_usb
 .data.ep_dir_string
                0x20000468        0x8 CMakeFiles/pico_interface_fmsynth.dir/home/ck84/src/pico/pico-sdk/lib/tinyusb/src/portable/raspberrypi/rp2040/rp2040_usb.c.obj
                0x20000468                ep_dir_string
 .data._usbd_qdef
                0x20000470       0x24 CMakeFiles/pico_interface_fmsynth.dir/home/ck84/src/pico/pico-sdk/lib/tinyusb/src/device/usbd.c.obj
                0x20000470                _usbd_qdef
                0x20000494                        . = ALIGN (0x4)
 *(.after_data.*)
                0x20000494                        . = ALIGN (0x4)
                0x20000494                        PROVIDE (__mutex_array_start = .)
 *(SORT_BY_NAME(.mutex_array.*))
 *(.mutex_array)
 .mutex_array   0x20000494        0x8 CMakeFiles/pico_interface_fmsynth.dir/home/ck84/src/pico/pico-sdk/src/rp2_common/pico_malloc/malloc.c.obj
 .mutex_array   0x2000049c        0x8 CMakeFiles/pico_interface_fmsynth.dir/home/ck84/src/pico/pico-sdk/src/rp2_common/pico_stdio/stdio.c.obj
                0x200004a4                        PROVIDE (__mutex_array_end = .)
                0x200004a4                        . = ALIGN (0x4)
 *(.jcr)
                0x200004a4                        . = ALIGN (0x4)

.tm_clone_table
                0x200004a4        0x0 load address 0x10007d18
 .tm_clone_table
                0x200004a4        0x0 /usr/lib/gcc/arm-none-eabi/13.2.1/thumb/v6-m/nofp/crtbegin.o
 .tm_clone_table
                0x200004a4        0x0 /usr/lib/gcc/arm-none-eabi/13.2.1/thumb/v6-m/nofp/crtend.o

.igot.plt       0x200004a4        0x0 load address 0x10007d18
 .igot.plt      0x200004a4        0x0 /usr/lib/gcc/arm-none-eabi/13.2.1/thumb/v6-m/nofp/crtbegin.o

.tdata          0x200004a4        0x0 load address 0x10007d18
                0x200004a4                        . = ALIGN (0x4)
 *(.tdata .tdata.* .gnu.linkonce.td.*)
                0x200004a4                        __tdata_end = .
                0x200004a4                        PROVIDE (__data_end__ = .)
                0x10007934                        __etext = LOADADDR (.data)

.tbss           0x200004a4        0x0 load address 0x10007d18
                0x200004a4                        . = ALIGN (0x4)
                0x200004a4                        __bss_start__ = .
                0x200004a4                        __tls_base = .
 *(.tbss .tbss.* .gnu.linkonce.tb.*)
 *(.tcommon)
                0x200004a4                        __tls_end = .

.bss            0x200004a8     0x1230 load address 0x10007d18
                0x200004a8                        . = ALIGN (0x4)
                0x200004a8                        __tbss_end = .
 *(SORT_BY_ALIGNMENT(SORT_BY_NAME(.bss*)))
 .bss.default_alarm_pool_entries
                0x200004a8      0x180 CMakeFiles/pico_interface_fmsynth.dir/home/ck84/src/pico/pico-sdk/src/common/pico_time/time.c.obj
 .bss.last_avail_time.1
                0x20000628        0x8 CMakeFiles/pico_interface_fmsynth.dir/home/ck84/src/pico/pico-sdk/src/rp2_common/pico_stdio_usb/stdio_usb.c.obj
 .bss.sd_table  0x20000630      0x100 CMakeFiles/pico_interface_fmsynth.dir/home/ck84/src/pico/pico-sdk/src/rp2_common/pico_double/double_init_rom_rp2040.c.obj
                0x20000630                sd_table
 .bss.sf_table  0x20000730      0x100 CMakeFiles/pico_interface_fmsynth.dir/home/ck84/src/pico/pico-sdk/src/rp2_common/pico_float/float_init_rom_rp2040.c.obj
                0x20000730                sf_table
 .bss           0x20000830       0x1c /usr/lib/gcc/arm-none-eabi/13.2.1/thumb/v6-m/nofp/crtbegin.o
 .bss           0x2000084c      0x190 /usr/lib/gcc/arm-none-eabi/13.2.1/../../../arm-none-eabi/lib/thumb/v6-m/nofp/libc.a(libc_a-__atexit.o)
                0x2000084c                __atexit0
 .bss           0x200009dc        0x4 /usr/lib/gcc/arm-none-eabi/13.2.1/../../../arm-none-eabi/lib/thumb/v6-m/nofp/libc.a(libc_a-__call_atexit.o)
                0x200009dc                __atexit
 .bss._app_driver
                0x200009e0        0x4 CMakeFiles/pico_interface_fmsynth.dir/home/ck84/src/pico/pico-sdk/lib/tinyusb/src/device/usbd.c.obj
 .bss._cdcd_itf
                0x200009e4      0x2d8 CMakeFiles/pico_interface_fmsynth.dir/home/ck84/src/pico/pico-sdk/lib/tinyusb/src/class/cdc/cdc_device.c.obj
 .bss._ctrl_xfer
                0x20000cbc       0x14 CMakeFiles/pico_interface_fmsynth.dir/home/ck84/src/pico/pico-sdk/lib/tinyusb/src/device/usbd_control.c.obj
 .bss._ubsd_mutexdef
                0x20000cd0        0x8 CMakeFiles/pico_interface_fmsynth.dir/home/ck84/src/pico/pico-sdk/lib/tinyusb/src/device/usbd.c.obj
 .bss._usbd_ctrl_buf
                0x20000cd8       0x40 CMakeFiles/pico_interface_fmsynth.dir/home/ck84/src/pico/pico-sdk/lib/tinyusb/src/device/usbd_control.c.obj
 .bss._usbd_dev
                0x20000d18       0x53 CMakeFiles/pico_interface_fmsynth.dir/home/ck84/src/pico/pico-sdk/lib/tinyusb/src/device/usbd.c.obj
 *fill*         0x20000d6b        0x1 
 .bss._usbd_mutex
                0x20000d6c        0x4 CMakeFiles/pico_interface_fmsynth.dir/home/ck84/src/pico/pico-sdk/lib/tinyusb/src/device/usbd.c.obj
 .bss._usbd_q   0x20000d70        0x4 CMakeFiles/pico_interface_fmsynth.dir/home/ck84/src/pico/pico-sdk/lib/tinyusb/src/device/usbd.c.obj
 .bss._usbd_qdef_buf
                0x20000d74       0xc0 CMakeFiles/pico_interface_fmsynth.dir/home/ck84/src/pico/pico-sdk/lib/tinyusb/src/device/usbd.c.obj
                0x20000d74                _usbd_qdef_buf
 .bss._vendord_itf
                0x20000e34      0x2cc CMakeFiles/pico_interface_fmsynth.dir/home/ck84/src/pico/pico-sdk/lib/tinyusb/src/class/vendor/vendor_device.c.obj
 .bss.adcValue  0x20001100        0x6 CMakeFiles/pico_interface_fmsynth.dir/fmsynth-interface.cpp.obj
                0x20001100                adcValue
 *fill*         0x20001106        0x2 
 .bss.boot2_copyout
                0x20001108      0x100 CMakeFiles/pico_interface_fmsynth.dir/home/ck84/src/pico/pico-sdk/src/rp2_common/hardware_flash/flash.c.obj
 .bss.changeTrigs
                0x20001208        0xc CMakeFiles/pico_interface_fmsynth.dir/fmsynth-interface.cpp.obj
                0x20001208                changeTrigs
 .bss.chars_available_callback
                0x20001214        0x4 CMakeFiles/pico_interface_fmsynth.dir/home/ck84/src/pico/pico-sdk/src/rp2_common/pico_stdio_usb/stdio_usb.c.obj
 .bss.chars_available_param
                0x20001218        0x4 CMakeFiles/pico_interface_fmsynth.dir/home/ck84/src/pico/pico-sdk/src/rp2_common/pico_stdio_usb/stdio_usb.c.obj
 .bss.claimed   0x2000121c        0x4 CMakeFiles/pico_interface_fmsynth.dir/home/ck84/src/pico/pico-sdk/src/rp2_common/hardware_sync/sync.c.obj
 .bss.claimed   0x20001220        0x1 CMakeFiles/pico_interface_fmsynth.dir/home/ck84/src/pico/pico-sdk/src/rp2_common/hardware_timer/timer.c.obj
 *fill*         0x20001221        0x3 
 .bss.configured_freq
                0x20001224       0x28 CMakeFiles/pico_interface_fmsynth.dir/home/ck84/src/pico/pico-sdk/src/rp2_common/hardware_clocks/clocks.c.obj
 .bss.desc_str.0
                0x2000124c       0x28 CMakeFiles/pico_interface_fmsynth.dir/home/ck84/src/pico/pico-sdk/src/rp2_common/pico_stdio_usb/stdio_usb_descriptors.c.obj
 .bss.drivers   0x20001274        0x4 CMakeFiles/pico_interface_fmsynth.dir/home/ck84/src/pico/pico-sdk/src/rp2_common/pico_stdio/stdio.c.obj
 .bss.filter    0x20001278        0x4 CMakeFiles/pico_interface_fmsynth.dir/home/ck84/src/pico/pico-sdk/src/rp2_common/pico_stdio/stdio.c.obj
 .bss.hw_endpoints
                0x2000127c      0x400 CMakeFiles/pico_interface_fmsynth.dir/home/ck84/src/pico/pico-sdk/lib/tinyusb/src/portable/raspberrypi/rp2040/dcd_rp2040.c.obj
 .bss.lazy_vsnprintf
                0x2000167c        0x4 CMakeFiles/pico_interface_fmsynth.dir/home/ck84/src/pico/pico-sdk/src/rp2_common/pico_printf/printf.c.obj
 .bss.load_value
                0x20001680        0x4 CMakeFiles/pico_interface_fmsynth.dir/home/ck84/src/pico/pico-sdk/src/rp2_common/hardware_watchdog/watchdog.c.obj
 .bss.next_buffer_ptr
                0x20001684        0x4 CMakeFiles/pico_interface_fmsynth.dir/home/ck84/src/pico/pico-sdk/lib/tinyusb/src/portable/raspberrypi/rp2040/dcd_rp2040.c.obj
 .bss.one_shot_timer_crit_sec
                0x20001688        0x8 CMakeFiles/pico_interface_fmsynth.dir/home/ck84/src/pico/pico-sdk/src/rp2_common/pico_stdio_usb/stdio_usb.c.obj
 .bss.pools     0x20001690       0x10 CMakeFiles/pico_interface_fmsynth.dir/home/ck84/src/pico/pico-sdk/src/common/pico_time/time.c.obj
 .bss.retrieved_id
                0x200016a0        0x8 CMakeFiles/pico_interface_fmsynth.dir/home/ck84/src/pico/pico-sdk/src/rp2_common/pico_unique_id/unique_id.c.obj
 .bss.sf_clz_func
                0x200016a8        0x4 CMakeFiles/pico_interface_fmsynth.dir/home/ck84/src/pico/pico-sdk/src/rp2_common/pico_double/double_init_rom_rp2040.c.obj
                0x200016a8                sf_clz_func
 .bss.sleep_notifier
                0x200016ac        0x4 CMakeFiles/pico_interface_fmsynth.dir/home/ck84/src/pico/pico-sdk/src/common/pico_time/time.c.obj
 .bss.stdio_usb_mutex
                0x200016b0        0x8 CMakeFiles/pico_interface_fmsynth.dir/home/ck84/src/pico/pico-sdk/src/rp2_common/pico_stdio_usb/stdio_usb.c.obj
 .bss.uart_char_to_line_feed
                0x200016b8        0x4 CMakeFiles/pico_interface_fmsynth.dir/home/ck84/src/pico/pico-sdk/src/rp2_common/hardware_uart/uart.c.obj
                0x200016b8                uart_char_to_line_feed
 .bss.usbd_serial_str
                0x200016bc       0x11 CMakeFiles/pico_interface_fmsynth.dir/home/ck84/src/pico/pico-sdk/src/rp2_common/pico_stdio_usb/stdio_usb_descriptors.c.obj
 .bss._app_driver_count
                0x200016cd        0x1 CMakeFiles/pico_interface_fmsynth.dir/home/ck84/src/pico/pico-sdk/lib/tinyusb/src/device/usbd.c.obj
 .bss._usbd_initialized
                0x200016ce        0x1 CMakeFiles/pico_interface_fmsynth.dir/home/ck84/src/pico/pico-sdk/lib/tinyusb/src/device/usbd.c.obj
 .bss.boot2_copyout_valid
                0x200016cf        0x1 CMakeFiles/pico_interface_fmsynth.dir/home/ck84/src/pico/pico-sdk/src/rp2_common/hardware_flash/flash.c.obj
 .bss.irq_handler_chain_free_slot_head
                0x200016d0        0x1 CMakeFiles/pico_interface_fmsynth.dir/home/ck84/src/pico/pico-sdk/src/rp2_common/hardware_irq/irq.c.obj
 .bss.itf_num   0x200016d1        0x1 CMakeFiles/pico_interface_fmsynth.dir/home/ck84/src/pico/pico-sdk/src/rp2_common/pico_stdio_usb/reset_interface.c.obj
 .bss.low_priority_irq_num
                0x200016d2        0x1 CMakeFiles/pico_interface_fmsynth.dir/home/ck84/src/pico/pico-sdk/src/rp2_common/pico_stdio_usb/stdio_usb.c.obj
 .bss.one_shot_timer_pending
                0x200016d3        0x1 CMakeFiles/pico_interface_fmsynth.dir/home/ck84/src/pico/pico-sdk/src/rp2_common/pico_stdio_usb/stdio_usb.c.obj
 .bss.user_irq_claimed
                0x200016d4        0x1 CMakeFiles/pico_interface_fmsynth.dir/home/ck84/src/pico/pico-sdk/src/rp2_common/hardware_irq/irq.c.obj
 *(COMMON)
                0x200016d8                        . = ALIGN (0x4)
 *fill*         0x200016d5        0x3 
                0x200016d8                        __bss_end__ = .

.heap           0x200016d8    0x3e928 load address 0x10007d18
                0x200016d8                        __end__ = .
                0x200016d8                        end = __end__
 *(.heap*)
 .heap          0x200016d8      0x800 CMakeFiles/pico_interface_fmsynth.dir/home/ck84/src/pico/pico-sdk/src/rp2_common/pico_crt0/crt0.S.obj
                0x20040000                        . = (ORIGIN (RAM) + LENGTH (RAM))
 *fill*         0x20001ed8    0x3e128 
                0x20040000                        __HeapLimit = .

.scratch_x      0x20040000        0x0 load address 0x10007d18
                0x20040000                        __scratch_x_start__ = .
 *(.scratch_x.*)
                0x20040000                        . = ALIGN (0x4)
                0x20040000                        __scratch_x_end__ = .
                0x10007d18                        __scratch_x_source__ = LOADADDR (.scratch_x)

.scratch_y      0x20041000        0x0 load address 0x10007d18
                0x20041000                        __scratch_y_start__ = .
 *(.scratch_y.*)
                0x20041000                        . = ALIGN (0x4)
                0x20041000                        __scratch_y_end__ = .
                0x10007d18                        __scratch_y_source__ = LOADADDR (.scratch_y)

.stack1_dummy   0x20040000      0x800
 *(.stack1*)
 .stack1        0x20040000      0x800 CMakeFiles/pico_interface_fmsynth.dir/home/ck84/src/pico/pico-sdk/src/rp2_common/pico_multicore/multicore.c.obj

.stack_dummy    0x20041000      0x800
 *(.stack*)
 .stack         0x20041000      0x800 CMakeFiles/pico_interface_fmsynth.dir/home/ck84/src/pico/pico-sdk/src/rp2_common/pico_crt0/crt0.S.obj

.flash_end      0x10007d18        0x0
 *(.embedded_end_block*)
                0x10007d18                        PROVIDE (__flash_binary_end = .)
                0x20040000                        __StackLimit = (ORIGIN (RAM) + LENGTH (RAM))
                0x20041000                        __StackOneTop = (ORIGIN (SCRATCH_X) + LENGTH (SCRATCH_X))
                0x20042000                        __StackTop = (ORIGIN (SCRATCH_Y) + LENGTH (SCRATCH_Y))
                0x20040800                        __StackOneBottom = (__StackOneTop - SIZEOF (.stack1_dummy))
                0x20041800                        __StackBottom = (__StackTop - SIZEOF (.stack_dummy))
                0x20042000                        PROVIDE (__stack = __StackTop)
                [!provide]                        PROVIDE (__heap_start = __end__)
                [!provide]                        PROVIDE (__heap_end = __HeapLimit)
                [!provide]                        PROVIDE (__tls_align = MAX (ALIGNOF (.tdata), ALIGNOF (.tbss)))
                [!provide]                        PROVIDE (__tls_size_align = (((__tls_size + __tls_align) - 0x1) & ~ ((__tls_align - 0x1))))
                [!provide]                        PROVIDE (__arm32_tls_tcb_offset = MAX (0x8, __tls_align))
                [!provide]                        PROVIDE (_end = __end__)
                [!provide]                        PROVIDE (__llvm_libc_heap_limit = __HeapLimit)
                0x00000001                        ASSERT ((__StackLimit >= __HeapLimit), region RAM overflowed)
                0x00000001                        ASSERT (((__binary_info_header_end - __logical_binary_start) <= 0x100), Binary info must be in first 256 bytes of the binary)
LOAD CMakeFiles/pico_interface_fmsynth.dir/fmsynth-interface.cpp.obj
LOAD CMakeFiles/pico_interface_fmsynth.dir/home/ck84/src/pico/pico-sdk/src/rp2_common/pico_stdlib/stdlib.c.obj
LOAD CMakeFiles/pico_interface_fmsynth.dir/home/ck84/src/pico/pico-sdk/src/rp2_common/hardware_gpio/gpio.c.obj
LOAD CMakeFiles/pico_interface_fmsynth.dir/home/ck84/src/pico/pico-sdk/src/rp2040/pico_platform/platform.c.obj
LOAD CMakeFiles/pico_interface_fmsynth.dir/home/ck84/src/pico/pico-sdk/src/rp2_common/pico_platform_panic/panic.c.obj
LOAD CMakeFiles/pico_interface_fmsynth.dir/home/ck84/src/pico/pico-sdk/src/common/hardware_claim/claim.c.obj
LOAD CMakeFiles/pico_interface_fmsynth.dir/home/ck84/src/pico/pico-sdk/src/rp2_common/hardware_sync/sync.c.obj
LOAD CMakeFiles/pico_interface_fmsynth.dir/home/ck84/src/pico/pico-sdk/src/rp2_common/hardware_sync_spin_lock/sync_spin_lock.c.obj
LOAD CMakeFiles/pico_interface_fmsynth.dir/home/ck84/src/pico/pico-sdk/src/rp2_common/hardware_irq/irq.c.obj
LOAD CMakeFiles/pico_interface_fmsynth.dir/home/ck84/src/pico/pico-sdk/src/rp2_common/hardware_irq/irq_handler_chain.S.obj
LOAD CMakeFiles/pico_interface_fmsynth.dir/home/ck84/src/pico/pico-sdk/src/common/pico_sync/sem.c.obj
LOAD CMakeFiles/pico_interface_fmsynth.dir/home/ck84/src/pico/pico-sdk/src/common/pico_sync/lock_core.c.obj
LOAD CMakeFiles/pico_interface_fmsynth.dir/home/ck84/src/pico/pico-sdk/src/common/pico_sync/mutex.c.obj
LOAD CMakeFiles/pico_interface_fmsynth.dir/home/ck84/src/pico/pico-sdk/src/common/pico_sync/critical_section.c.obj
LOAD CMakeFiles/pico_interface_fmsynth.dir/home/ck84/src/pico/pico-sdk/src/common/pico_time/time.c.obj
LOAD CMakeFiles/pico_interface_fmsynth.dir/home/ck84/src/pico/pico-sdk/src/common/pico_time/timeout_helper.c.obj
LOAD CMakeFiles/pico_interface_fmsynth.dir/home/ck84/src/pico/pico-sdk/src/rp2_common/hardware_timer/timer.c.obj
LOAD CMakeFiles/pico_interface_fmsynth.dir/home/ck84/src/pico/pico-sdk/src/common/pico_util/datetime.c.obj
LOAD CMakeFiles/pico_interface_fmsynth.dir/home/ck84/src/pico/pico-sdk/src/common/pico_util/pheap.c.obj
LOAD CMakeFiles/pico_interface_fmsynth.dir/home/ck84/src/pico/pico-sdk/src/common/pico_util/queue.c.obj
LOAD CMakeFiles/pico_interface_fmsynth.dir/home/ck84/src/pico/pico-sdk/src/rp2_common/hardware_uart/uart.c.obj
LOAD CMakeFiles/pico_interface_fmsynth.dir/home/ck84/src/pico/pico-sdk/src/rp2_common/hardware_clocks/clocks.c.obj
LOAD CMakeFiles/pico_interface_fmsynth.dir/home/ck84/src/pico/pico-sdk/src/rp2_common/hardware_pll/pll.c.obj
LOAD CMakeFiles/pico_interface_fmsynth.dir/home/ck84/src/pico/pico-sdk/src/rp2_common/hardware_vreg/vreg.c.obj
LOAD CMakeFiles/pico_interface_fmsynth.dir/home/ck84/src/pico/pico-sdk/src/rp2_common/hardware_watchdog/watchdog.c.obj
LOAD CMakeFiles/pico_interface_fmsynth.dir/home/ck84/src/pico/pico-sdk/src/rp2_common/hardware_ticks/ticks.c.obj
LOAD CMakeFiles/pico_interface_fmsynth.dir/home/ck84/src/pico/pico-sdk/src/rp2_common/hardware_xosc/xosc.c.obj
LOAD CMakeFiles/pico_interface_fmsynth.dir/home/ck84/src/pico/pico-sdk/src/rp2_common/hardware_divider/divider.S.obj
LOAD CMakeFiles/pico_interface_fmsynth.dir/home/ck84/src/pico/pico-sdk/src/rp2_common/pico_runtime/runtime.c.obj
LOAD CMakeFiles/pico_interface_fmsynth.dir/home/ck84/src/pico/pico-sdk/src/rp2_common/pico_runtime_init/runtime_init.c.obj
LOAD CMakeFiles/pico_interface_fmsynth.dir/home/ck84/src/pico/pico-sdk/src/rp2_common/pico_runtime_init/runtime_init_clocks.c.obj
LOAD CMakeFiles/pico_interface_fmsynth.dir/home/ck84/src/pico/pico-sdk/src/rp2_common/pico_runtime_init/runtime_init_stack_guard.c.obj
LOAD CMakeFiles/pico_interface_fmsynth.dir/home/ck84/src/pico/pico-sdk/src/rp2_common/pico_bit_ops/bit_ops_aeabi.S.obj
LOAD CMakeFiles/pico_interface_fmsynth.dir/home/ck84/src/pico/pico-sdk/src/rp2_common/pico_bootrom/bootrom.c.obj
LOAD CMakeFiles/pico_interface_fmsynth.dir/home/ck84/src/pico/pico-sdk/src/rp2_common/pico_bootrom/bootrom_lock.c.obj
LOAD CMakeFiles/pico_interface_fmsynth.dir/home/ck84/src/pico/pico-sdk/src/rp2_common/hardware_boot_lock/boot_lock.c.obj
LOAD CMakeFiles/pico_interface_fmsynth.dir/home/ck84/src/pico/pico-sdk/src/rp2_common/pico_divider/divider_hardware.S.obj
LOAD CMakeFiles/pico_interface_fmsynth.dir/home/ck84/src/pico/pico-sdk/src/rp2_common/pico_double/double_aeabi_rp2040.S.obj
LOAD CMakeFiles/pico_interface_fmsynth.dir/home/ck84/src/pico/pico-sdk/src/rp2_common/pico_double/double_init_rom_rp2040.c.obj
LOAD CMakeFiles/pico_interface_fmsynth.dir/home/ck84/src/pico/pico-sdk/src/rp2_common/pico_double/double_math.c.obj
LOAD CMakeFiles/pico_interface_fmsynth.dir/home/ck84/src/pico/pico-sdk/src/rp2_common/pico_double/double_v1_rom_shim_rp2040.S.obj
LOAD CMakeFiles/pico_interface_fmsynth.dir/home/ck84/src/pico/pico-sdk/src/rp2_common/pico_int64_ops/pico_int64_ops_aeabi.S.obj
LOAD CMakeFiles/pico_interface_fmsynth.dir/home/ck84/src/pico/pico-sdk/src/rp2_common/pico_float/float_aeabi_rp2040.S.obj
LOAD CMakeFiles/pico_interface_fmsynth.dir/home/ck84/src/pico/pico-sdk/src/rp2_common/pico_float/float_init_rom_rp2040.c.obj
LOAD CMakeFiles/pico_interface_fmsynth.dir/home/ck84/src/pico/pico-sdk/src/rp2_common/pico_float/float_math.c.obj
LOAD CMakeFiles/pico_interface_fmsynth.dir/home/ck84/src/pico/pico-sdk/src/rp2_common/pico_float/float_v1_rom_shim_rp2040.S.obj
LOAD CMakeFiles/pico_interface_fmsynth.dir/home/ck84/src/pico/pico-sdk/src/rp2_common/pico_malloc/malloc.c.obj
LOAD CMakeFiles/pico_interface_fmsynth.dir/home/ck84/src/pico/pico-sdk/src/rp2_common/pico_mem_ops/mem_ops_aeabi.S.obj
LOAD CMakeFiles/pico_interface_fmsynth.dir/home/ck84/src/pico/pico-sdk/src/rp2_common/pico_atomic/atomic.c.obj
LOAD CMakeFiles/pico_interface_fmsynth.dir/home/ck84/src/pico/pico-sdk/src/rp2_common/pico_cxx_options/new_delete.cpp.obj
LOAD CMakeFiles/pico_interface_fmsynth.dir/home/ck84/src/pico/pico-sdk/src/rp2_common/pico_standard_binary_info/standard_binary_info.c.obj
LOAD CMakeFiles/pico_interface_fmsynth.dir/home/ck84/src/pico/pico-sdk/src/rp2_common/pico_printf/printf.c.obj
LOAD CMakeFiles/pico_interface_fmsynth.dir/home/ck84/src/pico/pico-sdk/src/rp2_common/pico_crt0/crt0.S.obj
LOAD CMakeFiles/pico_interface_fmsynth.dir/home/ck84/src/pico/pico-sdk/src/rp2_common/pico_clib_interface/newlib_interface.c.obj
LOAD CMakeFiles/pico_interface_fmsynth.dir/home/ck84/src/pico/pico-sdk/src/rp2_common/pico_stdio/stdio.c.obj
LOAD CMakeFiles/pico_interface_fmsynth.dir/home/ck84/src/pico/pico-sdk/src/rp2_common/pico_stdio_usb/reset_interface.c.obj
LOAD CMakeFiles/pico_interface_fmsynth.dir/home/ck84/src/pico/pico-sdk/src/rp2_common/pico_stdio_usb/stdio_usb.c.obj
LOAD CMakeFiles/pico_interface_fmsynth.dir/home/ck84/src/pico/pico-sdk/src/rp2_common/pico_stdio_usb/stdio_usb_descriptors.c.obj
LOAD CMakeFiles/pico_interface_fmsynth.dir/home/ck84/src/pico/pico-sdk/src/rp2_common/pico_unique_id/unique_id.c.obj